Archive member included to satisfy reference by file (symbol)

pico-ssd1306\libpico_ssd1306.a(ssd1306.cpp.obj)
                              CMakeFiles/KT-5.dir/OLED.cpp.obj (pico_ssd1306::SSD1306::setPixel(short, short, pico_ssd1306::WriteMode))
pico-ssd1306\libpico_ssd1306.a(FrameBuffer.cpp.obj)
                              pico-ssd1306\libpico_ssd1306.a(ssd1306.cpp.obj) (FrameBuffer::FrameBuffer())
pico-ssd1306\textRenderer\libssd1306_textRenderer.a(TextRenderer.cpp.obj)
                              CMakeFiles/KT-5.dir/OLED.cpp.obj (pico_ssd1306::drawText(pico_ssd1306::SSD1306*, unsigned char const*, char const*, unsigned char, unsigned char, pico_ssd1306::WriteMode, pico_ssd1306::Rotation))
c:/progra~2/gnuarm~1/102021~1.10/bin/../lib/gcc/arm-none-eabi/10.3.1/../../../../arm-none-eabi/lib/thumb/v6-m/nofp\libstdc++.a(class_type_info.o)
                              CMakeFiles/KT-5.dir/SpeedMeasurement.cpp.obj (vtable for __cxxabiv1::__class_type_info)
c:/progra~2/gnuarm~1/102021~1.10/bin/../lib/gcc/arm-none-eabi/10.3.1/../../../../arm-none-eabi/lib/thumb/v6-m/nofp\libstdc++.a(del_ops.o)
                              CMakeFiles/KT-5.dir/ADCEngine.cpp.obj (operator delete(void*, unsigned int))
c:/progra~2/gnuarm~1/102021~1.10/bin/../lib/gcc/arm-none-eabi/10.3.1/../../../../arm-none-eabi/lib/thumb/v6-m/nofp\libstdc++.a(del_opv.o)
                              CMakeFiles/KT-5.dir/ADCEngine.cpp.obj (operator delete[](void*))
c:/progra~2/gnuarm~1/102021~1.10/bin/../lib/gcc/arm-none-eabi/10.3.1/../../../../arm-none-eabi/lib/thumb/v6-m/nofp\libstdc++.a(eh_arm.o)
                              CMakeFiles/KT-5.dir/KT-5.cpp.obj (__cxa_end_cleanup)
c:/progra~2/gnuarm~1/102021~1.10/bin/../lib/gcc/arm-none-eabi/10.3.1/../../../../arm-none-eabi/lib/thumb/v6-m/nofp\libstdc++.a(eh_exception.o)
                              c:/progra~2/gnuarm~1/102021~1.10/bin/../lib/gcc/arm-none-eabi/10.3.1/../../../../arm-none-eabi/lib/thumb/v6-m/nofp\libstdc++.a(eh_arm.o) (typeinfo for __cxxabiv1::__forced_unwind)
c:/progra~2/gnuarm~1/102021~1.10/bin/../lib/gcc/arm-none-eabi/10.3.1/../../../../arm-none-eabi/lib/thumb/v6-m/nofp\libstdc++.a(eh_globals.o)
                              c:/progra~2/gnuarm~1/102021~1.10/bin/../lib/gcc/arm-none-eabi/10.3.1/../../../../arm-none-eabi/lib/thumb/v6-m/nofp\libstdc++.a(eh_arm.o) (__cxa_get_globals)
c:/progra~2/gnuarm~1/102021~1.10/bin/../lib/gcc/arm-none-eabi/10.3.1/../../../../arm-none-eabi/lib/thumb/v6-m/nofp\libstdc++.a(eh_personality.o)
                              CMakeFiles/KT-5.dir/KT-5.cpp.obj (__gxx_personality_v0)
c:/progra~2/gnuarm~1/102021~1.10/bin/../lib/gcc/arm-none-eabi/10.3.1/../../../../arm-none-eabi/lib/thumb/v6-m/nofp\libstdc++.a(eh_terminate.o)
                              c:/progra~2/gnuarm~1/102021~1.10/bin/../lib/gcc/arm-none-eabi/10.3.1/../../../../arm-none-eabi/lib/thumb/v6-m/nofp\libstdc++.a(eh_arm.o) (std::terminate())
c:/progra~2/gnuarm~1/102021~1.10/bin/../lib/gcc/arm-none-eabi/10.3.1/../../../../arm-none-eabi/lib/thumb/v6-m/nofp\libstdc++.a(eh_unex_handler.o)
                              c:/progra~2/gnuarm~1/102021~1.10/bin/../lib/gcc/arm-none-eabi/10.3.1/../../../../arm-none-eabi/lib/thumb/v6-m/nofp\libstdc++.a(eh_terminate.o) (__cxxabiv1::__unexpected_handler)
c:/progra~2/gnuarm~1/102021~1.10/bin/../lib/gcc/arm-none-eabi/10.3.1/../../../../arm-none-eabi/lib/thumb/v6-m/nofp\libstdc++.a(new_op.o)
                              CMakeFiles/KT-5.dir/ADCEngine.cpp.obj (operator new(unsigned int))
c:/progra~2/gnuarm~1/102021~1.10/bin/../lib/gcc/arm-none-eabi/10.3.1/../../../../arm-none-eabi/lib/thumb/v6-m/nofp\libstdc++.a(new_opv.o)
                              CMakeFiles/KT-5.dir/ADCEngine.cpp.obj (operator new[](unsigned int))
c:/progra~2/gnuarm~1/102021~1.10/bin/../lib/gcc/arm-none-eabi/10.3.1/../../../../arm-none-eabi/lib/thumb/v6-m/nofp\libstdc++.a(pure.o)
                              c:/progra~2/gnuarm~1/102021~1.10/bin/../lib/gcc/arm-none-eabi/10.3.1/../../../../arm-none-eabi/lib/thumb/v6-m/nofp\libstdc++.a(eh_exception.o) (__cxa_pure_virtual)
c:/progra~2/gnuarm~1/102021~1.10/bin/../lib/gcc/arm-none-eabi/10.3.1/../../../../arm-none-eabi/lib/thumb/v6-m/nofp\libstdc++.a(si_class_type_info.o)
                              CMakeFiles/KT-5.dir/SpeedMeasurement.cpp.obj (vtable for __cxxabiv1::__si_class_type_info)
c:/progra~2/gnuarm~1/102021~1.10/bin/../lib/gcc/arm-none-eabi/10.3.1/../../../../arm-none-eabi/lib/thumb/v6-m/nofp\libstdc++.a(tinfo.o)
                              c:/progra~2/gnuarm~1/102021~1.10/bin/../lib/gcc/arm-none-eabi/10.3.1/../../../../arm-none-eabi/lib/thumb/v6-m/nofp\libstdc++.a(class_type_info.o) (std::type_info::~type_info())
c:/progra~2/gnuarm~1/102021~1.10/bin/../lib/gcc/arm-none-eabi/10.3.1/../../../../arm-none-eabi/lib/thumb/v6-m/nofp\libstdc++.a(vterminate.o)
[...]
Memory Configuration

Name             Origin             Length             Attributes
FLASH            0x10000000         0x00200000         xr
RAM              0x20000000         0x00040000         xrw
SCRATCH_X        0x20040000         0x00001000         xrw
SCRATCH_Y        0x20041000         0x00001000         xrw
*default*        0x00000000         0xffffffff

Linker script and memory map

LOAD c:/progra~2/gnuarm~1/102021~1.10/bin/../lib/gcc/arm-none-eabi/10.3.1/thumb/v6-m/nofp/crti.o
LOAD c:/progra~2/gnuarm~1/102021~1.10/bin/../lib/gcc/arm-none-eabi/10.3.1/thumb/v6-m/nofp/crtbegin.o
LOAD c:/progra~2/gnuarm~1/102021~1.10/bin/../lib/gcc/arm-none-eabi/10.3.1/../../../../arm-none-eabi/lib/thumb/v6-m/nofp/crt0.o

.flash_begin    0x10000000        0x0
                0x10000000                __flash_binary_start = .

.boot2          0x10000000      0x100
                0x10000000                __boot2_start__ = .
 *(.boot2)
 .boot2         0x10000000      0x100 C:\Users\dongo\AppData\Local\Temp\cc4cS59T.o
                0x10000100                __boot2_end__ = .
                0x00000001                ASSERT (((__boot2_end__ - __boot2_start__) == 0x100), ERROR: Pico second stage bootloader must be 256 bytes in size)

.text           0x10000100    0x11288
                0x10000100                __logical_binary_start = .
 *(.vectors)
 .vectors       0x10000100       0xd4 CMakeFiles/KT-5.dir/C_/Projects/Pico/pico-sdk/src/rp2_common/pico_standard_link/crt0.S.obj
                0x10000100                __VECTOR_TABLE
                0x10000100                __vectors
                0x100001c0                isr_invalid
                0x100001c0                __default_isrs_start
                0x100001c2                isr_nmi
                0x100001c4                isr_hardfault
                0x100001c6                isr_svcall
                0x100001c8                isr_pendsv
                0x100001ca                isr_systick
                0x100001cc                isr_irq23
                0x100001cc                isr_irq18
                0x100001cc                isr_irq11
                0x100001cc                isr_irq28
                0x100001cc                isr_irq19
                0x100001cc                isr_irq0
                0x100001cc                isr_irq6
                0x100001cc                isr_irq5
                0x100001cc                isr_irq12
                0x100001cc                isr_irq22
                0x100001cc                isr_irq31
                0x100001cc                isr_irq17
                0x100001cc                isr_irq27
                0x100001cc                isr_irq30
                0x100001cc                isr_irq2
                0x100001cc                isr_irq10
                0x100001cc                isr_irq8
                0x100001cc                isr_irq24
                0x100001cc                isr_irq1
                0x100001cc                isr_irq7
                0x100001cc                isr_irq21
                0x100001cc                isr_irq20
                0x100001cc                isr_irq15
                0x100001cc                isr_irq25
                0x100001cc                isr_irq13
                0x100001cc                __unhandled_user_irq
                0x100001cc                isr_irq4
                0x100001cc                isr_irq16
                0x100001cc                isr_irq29
                0x100001cc                isr_irq26
                0x100001cc                __default_isrs_end
                0x100001cc                isr_irq3
                0x100001cc                isr_irq14
                0x100001cc                isr_irq9
                0x100001d2                unhandled_user_irq_num_in_r0
 *(.binary_info_header)
 .binary_info_header
                0x100001d4       0x14 CMakeFiles/KT-5.dir/C_/Projects/Pico/pico-sdk/src/rp2_common/pico_standard_link/crt0.S.obj
                0x100001e8                __binary_info_header_end = .
 *(.reset)
 .reset         0x100001e8       0xa8 CMakeFiles/KT-5.dir/C_/Projects/Pico/pico-sdk/src/rp2_common/pico_standard_link/crt0.S.obj
                0x100001e8                _entry_point
                0x10000266                __get_current_exception
 .reset         0x10000290       0x30 CMakeFiles/KT-5.dir/C_/Projects/Pico/pico-sdk/src/rp2_common/pico_standard_link/binary_info.c.obj
 *(.init)
 .init          0x100002c0        0x4 c:/progra~2/gnuarm~1/102021~1.10/bin/../lib/gcc/arm-none-eabi/10.3.1/thumb/v6-m/nofp/crti.o
                0x100002c0                _init
 *(EXCLUDE_FILE(*libm.a: *libc.a:*lib_a-mem*.o *libgcc.a:) .text*)
 .text          0x100002c4       0x48 c:/progra~2/gnuarm~1/102021~1.10/bin/../lib/gcc/arm-none-eabi/10.3.1/thumb/v6-m/nofp/crtbegin.o
 .text.startup.main
                0x1000030c      0x1b8 CMakeFiles/KT-5.dir/KT-5.cpp.obj
                0x1000030c                main
 .text._ZN5ServoC2Ejfbff
                0x100004c4      0x140 CMakeFiles/KT-5.dir/Servo.cpp.obj
                0x100004c4                Servo::Servo(unsigned int, float, bool, float, float)
                0x100004c4                Servo::Servo(unsigned int, float, bool, float, float)
 .text._ZN5ServoD2Ev
                0x10000604       0x30 CMakeFiles/KT-5.dir/Servo.cpp.obj
                0x10000604                Servo::~Servo()
                0x10000604                Servo::~Servo()
 .text._ZN5Servo11setPositionEf
                0x10000634       0x90 CMakeFiles/KT-5.dir/Servo.cpp.obj
                0x10000634                Servo::setPosition(float)
 .text._ZN4OLEDC2Ev
                0x100006c4       0x78 CMakeFiles/KT-5.dir/OLED.cpp.obj
                0x100006c4                OLED::OLED()
                0x100006c4                OLED::OLED()
 .text._ZN4OLEDD2Ev
                0x1000073c       0x14 CMakeFiles/KT-5.dir/OLED.cpp.obj
                0x1000073c                OLED::~OLED()
                0x1000073c                OLED::~OLED()
 .text._ZN4OLED4showEPKc
                0x10000750       0x74 CMakeFiles/KT-5.dir/OLED.cpp.obj
                0x10000750                OLED::show(char const*)
 .text.gpio_set_function
                0x100007c4       0x30 CMakeFiles/KT-5.dir/C_/Projects/Pico/pico-sdk/src/rp2_common/hardware_gpio/gpio.c.obj
                0x100007c4                gpio_set_function
 .text.gpio_set_pulls
                0x100007f4       0x30 CMakeFiles/KT-5.dir/C_/Projects/Pico/pico-sdk/src/rp2_common/hardware_gpio/gpio.c.obj
                0x100007f4                gpio_set_pulls
 .text.gpio_init
                0x10000824       0x3c CMakeFiles/KT-5.dir/C_/Projects/Pico/pico-sdk/src/rp2_common/hardware_gpio/gpio.c.obj
                0x10000824                gpio_init
 .text.hw_claim_or_assert
                0x10000860       0x44 CMakeFiles/KT-5.dir/C_/Projects/Pico/pico-sdk/src/rp2_common/hardware_claim/claim.c.obj
                0x10000860                hw_claim_or_assert
 .text.hw_claim_unused_from_range
                0x100008a4       0x9c CMakeFiles/KT-5.dir/C_/Projects/Pico/pico-sdk/src/rp2_common/hardware_claim/claim.c.obj
                0x100008a4                hw_claim_unused_from_range
 .text.running_on_fpga
                0x10000940       0x10 CMakeFiles/KT-5.dir/C_/Projects/Pico/pico-sdk/src/rp2_common/pico_platform/platform.c.obj
                0x10000940                running_on_fpga
 .text.spin_locks_reset
                0x10000950       0x1c CMakeFiles/KT-5.dir/C_/Projects/Pico/pico-sdk/src/rp2_common/hardware_sync/sync.c.obj
                0x10000950                spin_locks_reset
 .text.next_striped_spin_lock_num
                0x1000096c       0x18 CMakeFiles/KT-5.dir/C_/Projects/Pico/pico-sdk/src/rp2_common/hardware_sync/sync.c.obj
                0x1000096c                next_striped_spin_lock_num
 .text.spin_lock_claim_unused
                0x10000984       0x20 CMakeFiles/KT-5.dir/C_/Projects/Pico/pico-sdk/src/rp2_common/hardware_sync/sync.c.obj
                0x10000984                spin_lock_claim_unused
 .text.timer_pool_entry_comparator
                0x100009a4       0x34 CMakeFiles/KT-5.dir/C_/Projects/Pico/pico-sdk/src/common/pico_time/time.c.obj
                0x100009a4                timer_pool_entry_comparator
 .text.sleep_until_callback
                0x100009d8       0x30 CMakeFiles/KT-5.dir/C_/Projects/Pico/pico-sdk/src/common/pico_time/time.c.obj
 .text.add_alarm_under_lock.isra.0
                0x10000a08      0x100 CMakeFiles/KT-5.dir/C_/Projects/Pico/pico-sdk/src/common/pico_time/time.c.obj
 .text.alarm_pool_alarm_callback
                0x10000b08      0x1c8 CMakeFiles/KT-5.dir/C_/Projects/Pico/pico-sdk/src/common/pico_time/time.c.obj
 .text.alarm_pool_add_alarm_at.constprop.0
                0x10000cd0      0x11c CMakeFiles/KT-5.dir/C_/Projects/Pico/pico-sdk/src/common/pico_time/time.c.obj
 .text.alarm_pool_init_default
                0x10000dec       0x64 CMakeFiles/KT-5.dir/C_/Projects/Pico/pico-sdk/src/common/pico_time/time.c.obj
                0x10000dec                alarm_pool_init_default
 .text.alarm_pool_get_default
                0x10000e50        0x8 CMakeFiles/KT-5.dir/C_/Projects/Pico/pico-sdk/src/common/pico_time/time.c.obj
                0x10000e50                alarm_pool_get_default
 .text.alarm_pool_add_alarm_at
                0x10000e58      0x194 CMakeFiles/KT-5.dir/C_/Projects/Pico/pico-sdk/src/common/pico_time/time.c.obj
                0x10000e58                alarm_pool_add_alarm_at
 .text.sleep_until
                0x10000fec       0xac CMakeFiles/KT-5.dir/C_/Projects/Pico/pico-sdk/src/common/pico_time/time.c.obj
                0x10000fec                sleep_until
 .text.sleep_ms
                0x10001098       0x38 CMakeFiles/KT-5.dir/C_/Projects/Pico/pico-sdk/src/common/pico_time/time.c.obj
                0x10001098                sleep_ms
 .text.best_effort_wfe_or_timeout
                0x100010d0       0xd4 CMakeFiles/KT-5.dir/C_/Projects/Pico/pico-sdk/src/common/pico_time/time.c.obj
                0x100010d0                best_effort_wfe_or_timeout
 .text.hardware_alarm_irq_handler
                0x100011a4       0xb8 CMakeFiles/KT-5.dir/C_/Projects/Pico/pico-sdk/src/rp2_common/hardware_timer/timer.c.obj
 .text.hardware_alarm_claim
                0x1000125c       0x18 CMakeFiles/KT-5.dir/C_/Projects/Pico/pico-sdk/src/rp2_common/hardware_timer/timer.c.obj
                0x1000125c                hardware_alarm_claim
 .text.time_us_64
                0x10001274       0x14 CMakeFiles/KT-5.dir/C_/Projects/Pico/pico-sdk/src/rp2_common/hardware_timer/timer.c.obj
                0x10001274                time_us_64
 .text.busy_wait_us
                0x10001288       0x54 CMakeFiles/KT-5.dir/C_/Projects/Pico/pico-sdk/src/rp2_common/hardware_timer/timer.c.obj
                0x10001288                busy_wait_us
 .text.busy_wait_until
                0x100012dc       0x20 CMakeFiles/KT-5.dir/C_/Projects/Pico/pico-sdk/src/rp2_common/hardware_timer/timer.c.obj
                0x100012dc                busy_wait_until
 .text.hardware_alarm_set_callback
                0x100012fc       0x8c CMakeFiles/KT-5.dir/C_/Projects/Pico/pico-sdk/src/rp2_common/hardware_timer/timer.c.obj
                0x100012fc                hardware_alarm_set_callback
 .text.hardware_alarm_set_target
                0x10001388       0xe0 CMakeFiles/KT-5.dir/C_/Projects/Pico/pico-sdk/src/rp2_common/hardware_timer/timer.c.obj
                0x10001388                hardware_alarm_set_target
 .text.hardware_alarm_cancel
                0x10001468       0x3c CMakeFiles/KT-5.dir/C_/Projects/Pico/pico-sdk/src/rp2_common/hardware_timer/timer.c.obj
                0x10001468                hardware_alarm_cancel
 .text.lock_init
                0x100014a4       0x10 CMakeFiles/KT-5.dir/C_/Projects/Pico/pico-sdk/src/common/pico_sync/lock_core.c.obj
                0x100014a4                lock_init
 .text.mutex_init
                0x100014b4       0x1c CMakeFiles/KT-5.dir/C_/Projects/Pico/pico-sdk/src/common/pico_sync/mutex.c.obj
                0x100014b4                mutex_init
 .text.recursive_mutex_init
                0x100014d0       0x1c CMakeFiles/KT-5.dir/C_/Projects/Pico/pico-sdk/src/common/pico_sync/mutex.c.obj
                0x100014d0                recursive_mutex_init
 .text.critical_section_init
                0x100014ec       0x20 CMakeFiles/KT-5.dir/C_/Projects/Pico/pico-sdk/src/common/pico_sync/critical_section.c.obj
                0x100014ec                critical_section_init
 .text.ph_merge_nodes
                0x1000150c       0x68 CMakeFiles/KT-5.dir/C_/Projects/Pico/pico-sdk/src/common/pico_util/pheap.c.obj
 .text.ph_post_alloc_init
                0x10001574       0x3c CMakeFiles/KT-5.dir/C_/Projects/Pico/pico-sdk/src/common/pico_util/pheap.c.obj
                0x10001574                ph_post_alloc_init
 .text.ph_merge_two_pass
                0x100015b0       0x90 CMakeFiles/KT-5.dir/C_/Projects/Pico/pico-sdk/src/common/pico_util/pheap.c.obj
                0x100015b0                ph_merge_two_pass
 .text.ph_remove_any_head
                0x10001640       0xf8 CMakeFiles/KT-5.dir/C_/Projects/Pico/pico-sdk/src/common/pico_util/pheap.c.obj
 .text.ph_remove_head
                0x10001738       0xfc CMakeFiles/KT-5.dir/C_/Projects/Pico/pico-sdk/src/common/pico_util/pheap.c.obj
                0x10001738                ph_remove_head
 .text.ph_remove_and_free_node
                0x10001834       0x7c CMakeFiles/KT-5.dir/C_/Projects/Pico/pico-sdk/src/common/pico_util/pheap.c.obj
                0x10001834                ph_remove_and_free_node
 .text.runtime_init
                0x100018b0       0xf0 CMakeFiles/KT-5.dir/C_/Projects/Pico/pico-sdk/src/rp2_common/pico_runtime/runtime.c.obj
                0x100018b0                runtime_init
 .text._exit    0x100019a0        0x4 CMakeFiles/KT-5.dir/C_/Projects/Pico/pico-sdk/src/rp2_common/pico_runtime/runtime.c.obj
                0x100019a0                _exit
 .text._sbrk    0x100019a4       0x34 CMakeFiles/KT-5.dir/C_/Projects/Pico/pico-sdk/src/rp2_common/pico_runtime/runtime.c.obj
                0x100019a4                _sbrk
 .text.exit     0x100019d8        0x4 CMakeFiles/KT-5.dir/C_/Projects/Pico/pico-sdk/src/rp2_common/pico_runtime/runtime.c.obj
                0x100019d8                exit
 .text.panic    0x100019dc       0x30 CMakeFiles/KT-5.dir/C_/Projects/Pico/pico-sdk/src/rp2_common/pico_runtime/runtime.c.obj
                0x100019dc                panic
 .text.hard_assertion_failure
                0x10001a0c        0xc CMakeFiles/KT-5.dir/C_/Projects/Pico/pico-sdk/src/rp2_common/pico_runtime/runtime.c.obj
                0x10001a0c                hard_assertion_failure
 .text.clocks_init
                0x10001a18      0x2bc CMakeFiles/KT-5.dir/C_/Projects/Pico/pico-sdk/src/rp2_common/hardware_clocks/clocks.c.obj
                0x10001a18                clocks_init
 .text.clock_get_hz
                0x10001cd4        0xc CMakeFiles/KT-5.dir/C_/Projects/Pico/pico-sdk/src/rp2_common/hardware_clocks/clocks.c.obj
                0x10001cd4                clock_get_hz
 .text.irq_set_enabled
                0x10001ce0       0x24 CMakeFiles/KT-5.dir/C_/Projects/Pico/pico-sdk/src/rp2_common/hardware_irq/irq.c.obj
                0x10001ce0                irq_set_enabled
 .text.irq_set_pending
                0x10001d04       0x10 CMakeFiles/KT-5.dir/C_/Projects/Pico/pico-sdk/src/rp2_common/hardware_irq/irq.c.obj
                0x10001d04                irq_set_pending
 .text.irq_get_vtable_handler
                0x10001d14       0x10 CMakeFiles/KT-5.dir/C_/Projects/Pico/pico-sdk/src/rp2_common/hardware_irq/irq.c.obj
                0x10001d14                irq_get_vtable_handler
 .text.irq_set_exclusive_handler
                0x10001d24       0x54 CMakeFiles/KT-5.dir/C_/Projects/Pico/pico-sdk/src/rp2_common/hardware_irq/irq.c.obj
                0x10001d24                irq_set_exclusive_handler
 .text.irq_remove_handler
                0x10001d78      0x1b4 CMakeFiles/KT-5.dir/C_/Projects/Pico/pico-sdk/src/rp2_common/hardware_irq/irq.c.obj
                0x10001d78                irq_remove_handler
 .text.irq_add_tail_to_free_list
                0x10001f2c       0xb4 CMakeFiles/KT-5.dir/C_/Projects/Pico/pico-sdk/src/rp2_common/hardware_irq/irq.c.obj
                0x10001f2c                irq_add_tail_to_free_list
 .text.irq_init_priorities
                0x10001fe0       0x24 CMakeFiles/KT-5.dir/C_/Projects/Pico/pico-sdk/src/rp2_common/hardware_irq/irq.c.obj
                0x10001fe0                irq_init_priorities
 .text.pll_init
                0x10002004       0xa8 CMakeFiles/KT-5.dir/C_/Projects/Pico/pico-sdk/src/rp2_common/hardware_pll/pll.c.obj
                0x10002004                pll_init
 .text.watchdog_start_tick
                0x100020ac       0x10 CMakeFiles/KT-5.dir/C_/Projects/Pico/pico-sdk/src/rp2_common/hardware_watchdog/watchdog.c.obj
                0x100020ac                watchdog_start_tick
 .text.watchdog_reboot
                0x100020bc       0x98 CMakeFiles/KT-5.dir/C_/Projects/Pico/pico-sdk/src/rp2_common/hardware_watchdog/watchdog.c.obj
                0x100020bc                watchdog_reboot
 .text.xosc_init
                0x10002154       0x28 CMakeFiles/KT-5.dir/C_/Projects/Pico/pico-sdk/src/rp2_common/hardware_xosc/xosc.c.obj
                0x10002154                xosc_init
 .text._out_buffer
                0x1000217c        0x8 CMakeFiles/KT-5.dir/C_/Projects/Pico/pico-sdk/src/rp2_common/pico_printf/printf.c.obj
 .text._out_null
                0x10002184        0x4 CMakeFiles/KT-5.dir/C_/Projects/Pico/pico-sdk/src/rp2_common/pico_printf/printf.c.obj
 .text._out_rev
                0x10002188       0x9c CMakeFiles/KT-5.dir/C_/Projects/Pico/pico-sdk/src/rp2_common/pico_printf/printf.c.obj
 .text._ntoa_format
                0x10002224      0x1cc CMakeFiles/KT-5.dir/C_/Projects/Pico/pico-sdk/src/rp2_common/pico_printf/printf.c.obj
 .text._out_char
                0x100023f0       0x10 CMakeFiles/KT-5.dir/C_/Projects/Pico/pico-sdk/src/rp2_common/pico_printf/printf.c.obj
 .text._out_fct
                0x10002400       0x10 CMakeFiles/KT-5.dir/C_/Projects/Pico/pico-sdk/src/rp2_common/pico_printf/printf.c.obj
 .text._etoa    0x10002410      0x44c CMakeFiles/KT-5.dir/C_/Projects/Pico/pico-sdk/src/rp2_common/pico_printf/printf.c.obj
 .text._ftoa    0x1000285c      0x398 CMakeFiles/KT-5.dir/C_/Projects/Pico/pico-sdk/src/rp2_common/pico_printf/printf.c.obj
 .text._vsnprintf
                0x10002bf4      0xb04 CMakeFiles/KT-5.dir/C_/Projects/Pico/pico-sdk/src/rp2_common/pico_printf/printf.c.obj
 .text.__wrap_sprintf
                0x100036f8       0x28 CMakeFiles/KT-5.dir/C_/Projects/Pico/pico-sdk/src/rp2_common/pico_printf/printf.c.obj
                0x100036f8                __wrap_sprintf
 .text.vfctprintf
                0x10003720       0x20 CMakeFiles/KT-5.dir/C_/Projects/Pico/pico-sdk/src/rp2_common/pico_printf/printf.c.obj
                0x10003720                vfctprintf
 .text.weak_raw_vprintf
                0x10003740       0x30 CMakeFiles/KT-5.dir/C_/Projects/Pico/pico-sdk/src/rp2_common/pico_printf/printf.c.obj
                0x10003740                weak_raw_vprintf
 .text          0x10003770       0x10 CMakeFiles/KT-5.dir/C_/Projects/Pico/pico-sdk/src/rp2_common/pico_bit_ops/bit_ops_aeabi.S.obj
 .text.rom_func_lookup
                0x10003780       0x10 CMakeFiles/KT-5.dir/C_/Projects/Pico/pico-sdk/src/rp2_common/pico_bootrom/bootrom.c.obj
                0x10003780                rom_func_lookup
 .text.rom_data_lookup
                0x10003790       0x10 CMakeFiles/KT-5.dir/C_/Projects/Pico/pico-sdk/src/rp2_common/pico_bootrom/bootrom.c.obj
                0x10003790                rom_data_lookup
 .text.rom_funcs_lookup
                0x100037a0       0x44 CMakeFiles/KT-5.dir/C_/Projects/Pico/pico-sdk/src/rp2_common/pico_bootrom/bootrom.c.obj
                0x100037a0                rom_funcs_lookup
 .text.__wrap___aeabi_idiv
                0x100037e4       0x50 CMakeFiles/KT-5.dir/C_/Projects/Pico/pico-sdk/src/rp2_common/pico_divider/divider.S.obj
                0x100037e4                __wrap___aeabi_idivmod
                0x100037e4                divmod_s32s32
                0x100037e4                div_s32s32
                0x100037e4                __wrap___aeabi_idiv
                0x100037ec                divmod_s32s32_unsafe
                0x10003818                divmod_s32s32_savestate
 .text.__wrap___aeabi_uidiv
                0x10003834       0x4c CMakeFiles/KT-5.dir/C_/Projects/Pico/pico-sdk/src/rp2_common/pico_divider/divider.S.obj
                0x10003834                __wrap___aeabi_uidiv
                0x10003834                __wrap___aeabi_uidivmod
                0x10003834                div_u32u32
                0x10003834                divmod_u32u32
                0x1000383c                divmod_u32u32_unsafe
                0x10003864                divmod_u32u32_savestate
 .text.__wrap___aeabi_ldiv
                0x10003880      0x434 CMakeFiles/KT-5.dir/C_/Projects/Pico/pico-sdk/src/rp2_common/pico_divider/divider.S.obj
                0x10003880                div_s64s64
                0x10003880                divmod_s64s64
                0x10003880                __wrap___aeabi_ldivmod
                0x100038b8                divmod_u64u64
                0x100038b8                div_u64u64
                0x100038b8                __wrap___aeabi_uldivmod
                0x100038c8                divmod_u64u64_savestate
                0x100038f0                divmod_s64s64_unsafe
                0x10003978                divmod_u64u64_unsafe
 .text.__wrap___aeabi_darithmetic
                0x10003cb4       0x80 CMakeFiles/KT-5.dir/C_/Projects/Pico/pico-sdk/src/rp2_common/pico_double/double_aeabi.S.obj
                0x10003cb4                __wrap___aeabi_drsub
                0x10003cba                __wrap___aeabi_dsub
                0x10003ccc                __wrap___aeabi_dadd
                0x10003cde                __wrap___aeabi_ddiv
                0x10003d1a                __wrap___aeabi_dmul
 .text.__wrap___aeabi_cdcmple
                0x10003d34       0x6c CMakeFiles/KT-5.dir/C_/Projects/Pico/pico-sdk/src/rp2_common/pico_double/double_aeabi.S.obj
                0x10003d34                __wrap___aeabi_cdrcmple
                0x10003d44                __wrap___aeabi_cdcmpeq
                0x10003d44                __wrap___aeabi_cdcmple
 .text.__wrap___aeabi_dcmplt
                0x10003da0        0xc CMakeFiles/KT-5.dir/C_/Projects/Pico/pico-sdk/src/rp2_common/pico_double/double_aeabi.S.obj
                0x10003da0                __wrap___aeabi_dcmplt
 .text.__wrap___aeabi_dcmple
                0x10003dac       0x10 CMakeFiles/KT-5.dir/C_/Projects/Pico/pico-sdk/src/rp2_common/pico_double/double_aeabi.S.obj
                0x10003dac                __wrap___aeabi_dcmple
 .text.__wrap___aeabi_dcmpge
                0x10003dbc       0x10 CMakeFiles/KT-5.dir/C_/Projects/Pico/pico-sdk/src/rp2_common/pico_double/double_aeabi.S.obj
                0x10003dbc                __wrap___aeabi_dcmpge
 .text.__wrap___aeabi_dcmpgt
                0x10003dcc        0xa CMakeFiles/KT-5.dir/C_/Projects/Pico/pico-sdk/src/rp2_common/pico_double/double_aeabi.S.obj
                0x10003dcc                __wrap___aeabi_dcmpgt
 .text.__wrap___aeabi_dcmpun
                0x10003dd6       0x1c CMakeFiles/KT-5.dir/C_/Projects/Pico/pico-sdk/src/rp2_common/pico_double/double_aeabi.S.obj
                0x10003dd6                __wrap___aeabi_dcmpun
 *fill*         0x10003df2        0x2 
 .text.__wrap___aeabi_i2d
                0x10003df4       0x38 CMakeFiles/KT-5.dir/C_/Projects/Pico/pico-sdk/src/rp2_common/pico_double/double_aeabi.S.obj
                0x10003df4                __wrap___aeabi_ui2d
                0x10003dfc                __wrap___aeabi_i2d
 .text.__wrap___aeabi_d2iz
                0x10003e2c       0x48 CMakeFiles/KT-5.dir/C_/Projects/Pico/pico-sdk/src/rp2_common/pico_double/double_aeabi.S.obj
                0x10003e2c                double2int_z
                0x10003e2c                __wrap___aeabi_d2iz
 .text.__wrap___aeabi_d2uiz
                0x10003e74       0x18 CMakeFiles/KT-5.dir/C_/Projects/Pico/pico-sdk/src/rp2_common/pico_double/double_aeabi.S.obj
                0x10003e74                __wrap___aeabi_d2uiz
                0x10003e74                double2uint
 .text.__aeabi_double_init
                0x10003e8c       0x94 CMakeFiles/KT-5.dir/C_/Projects/Pico/pico-sdk/src/rp2_common/pico_double/double_init_rom.c.obj
                0x10003e8c                __aeabi_double_init
 .text.double_table_shim_on_use_helper
                0x10003f20       0x2c CMakeFiles/KT-5.dir/C_/Projects/Pico/pico-sdk/src/rp2_common/pico_double/double_v1_rom_shim.S.obj
                0x10003f20                double_table_shim_on_use_helper
 .text.__wrap___aeabi_dsub
                0x10003f4c       0x10 CMakeFiles/KT-5.dir/C_/Projects/Pico/pico-sdk/src/rp2_common/pico_double/double_v1_rom_shim.S.obj
                0x10003f4c                drsub_shim
                0x10003f52                dsub_shim
 .text.dadd_shim
                0x10003f5c      0x15c CMakeFiles/KT-5.dir/C_/Projects/Pico/pico-sdk/src/rp2_common/pico_double/double_v1_rom_shim.S.obj
                0x10003f5c                dadd_shim
 .text.dmul_shim
                0x100040b8      0x15c CMakeFiles/KT-5.dir/C_/Projects/Pico/pico-sdk/src/rp2_common/pico_double/double_v1_rom_shim.S.obj
                0x100040b8                dmul_shim
 .text.ddiv_shim
                0x10004214      0x1b0 CMakeFiles/KT-5.dir/C_/Projects/Pico/pico-sdk/src/rp2_common/pico_double/double_v1_rom_shim.S.obj
                0x10004214                ddiv_shim
 .text.double2uint_shim
                0x100043c4        0xe CMakeFiles/KT-5.dir/C_/Projects/Pico/pico-sdk/src/rp2_common/pico_double/double_v1_rom_shim.S.obj
                0x100043c4                double2uint_shim
                0x100043c6                double2ufix_shim
 *fill*         0x100043d2        0x2 
 .text.double2uint64_shim
                0x100043d4       0x70 CMakeFiles/KT-5.dir/C_/Projects/Pico/pico-sdk/src/rp2_common/pico_double/double_v1_rom_shim.S.obj
                0x100043d4                double2uint64_shim
                0x100043d6                double2ufix64_shim
                0x100043f6                d2fix_a
 .text.dunpacks
                0x10004444       0x3c CMakeFiles/KT-5.dir/C_/Projects/Pico/pico-sdk/src/rp2_common/pico_double/double_v1_rom_shim.S.obj
                0x10004444                dunpacks
 .text.__aeabi_lmul
                0x10004480       0x32 CMakeFiles/KT-5.dir/C_/Projects/Pico/pico-sdk/src/rp2_common/pico_int64_ops/pico_int64_ops_aeabi.S.obj
                0x10004480                __wrap___aeabi_lmul
 *fill*         0x100044b2        0x2 
 .text.__wrap___aeabi_farithmetic
                0x100044b4       0x48 CMakeFiles/KT-5.dir/C_/Projects/Pico/pico-sdk/src/rp2_common/pico_float/float_aeabi.S.obj
                0x100044b4                __wrap___aeabi_frsub
                0x100044ba                __wrap___aeabi_fsub
                0x100044c0                __wrap___aeabi_fadd
                0x100044c6                __wrap___aeabi_fdiv
                0x100044ee                __wrap___aeabi_fmul
 .text.__wrap___aeabi_cfcmple
                0x100044fc       0x50 CMakeFiles/KT-5.dir/C_/Projects/Pico/pico-sdk/src/rp2_common/pico_float/float_aeabi.S.obj
                0x100044fc                __wrap___aeabi_cfrcmple
                0x10004508                __wrap___aeabi_cfcmple
                0x10004508                __wrap___aeabi_cfcmpeq
 .text.__wrap___aeabi_fcmplt
                0x1000454c        0xc CMakeFiles/KT-5.dir/C_/Projects/Pico/pico-sdk/src/rp2_common/pico_float/float_aeabi.S.obj
                0x1000454c                __wrap___aeabi_fcmplt
 .text.__wrap___aeabi_fcmpge
                0x10004558       0x10 CMakeFiles/KT-5.dir/C_/Projects/Pico/pico-sdk/src/rp2_common/pico_float/float_aeabi.S.obj
                0x10004558                __wrap___aeabi_fcmpge
 .text.__wrap___aeabi_fcmpgt
                0x10004568        0xa CMakeFiles/KT-5.dir/C_/Projects/Pico/pico-sdk/src/rp2_common/pico_float/float_aeabi.S.obj
                0x10004568                __wrap___aeabi_fcmpgt
 .text.__wrap___aeabi_ui2f
                0x10004572        0xa CMakeFiles/KT-5.dir/C_/Projects/Pico/pico-sdk/src/rp2_common/pico_float/float_aeabi.S.obj
                0x10004572                __wrap___aeabi_ui2f
 .text.__wrap___aeabi_i2f
                0x1000457c       0x44 CMakeFiles/KT-5.dir/C_/Projects/Pico/pico-sdk/src/rp2_common/pico_float/float_aeabi.S.obj
                0x1000457c                __wrap___aeabi_i2f
 .text.__wrap___aeabi_f2uiz
                0x100045c0        0xc CMakeFiles/KT-5.dir/C_/Projects/Pico/pico-sdk/src/rp2_common/pico_float/float_aeabi.S.obj
                0x100045c0                __wrap___aeabi_f2uiz
 .text.__wrap___aeabi_f2d
                0x100045cc       0x14 CMakeFiles/KT-5.dir/C_/Projects/Pico/pico-sdk/src/rp2_common/pico_float/float_aeabi.S.obj
                0x100045cc                __wrap___aeabi_f2d
 .text.__aeabi_float_init
                0x100045e0       0x64 CMakeFiles/KT-5.dir/C_/Projects/Pico/pico-sdk/src/rp2_common/pico_float/float_init_rom.c.obj
                0x100045e0                __aeabi_float_init
 .text.__wrap_roundf
                0x10004644       0x3c CMakeFiles/KT-5.dir/C_/Projects/Pico/pico-sdk/src/rp2_common/pico_float/float_math.c.obj
                0x10004644                __wrap_roundf
 .text.__wrap_floorf
                0x10004680       0x40 CMakeFiles/KT-5.dir/C_/Projects/Pico/pico-sdk/src/rp2_common/pico_float/float_math.c.obj
                0x10004680                __wrap_floorf
 .text.__wrap_ceilf
                0x100046c0       0x44 CMakeFiles/KT-5.dir/C_/Projects/Pico/pico-sdk/src/rp2_common/pico_float/float_math.c.obj
                0x100046c0                __wrap_ceilf
 .text.float_table_shim_on_use_helper
                0x10004704       0x2c CMakeFiles/KT-5.dir/C_/Projects/Pico/pico-sdk/src/rp2_common/pico_float/float_v1_rom_shim.S.obj
                0x10004704                float_table_shim_on_use_helper
 .text.float2double_shim
                0x10004730       0x30 CMakeFiles/KT-5.dir/C_/Projects/Pico/pico-sdk/src/rp2_common/pico_float/float_v1_rom_shim.S.obj
                0x10004730                float2double_shim
 .text.__wrap_malloc
                0x10004760       0x24 CMakeFiles/KT-5.dir/C_/Projects/Pico/pico-sdk/src/rp2_common/pico_malloc/pico_malloc.c.obj
                0x10004760                __wrap_malloc
 .text.__wrap_free
                0x10004784        0x8 CMakeFiles/KT-5.dir/C_/Projects/Pico/pico-sdk/src/rp2_common/pico_malloc/pico_malloc.c.obj
                0x10004784                __wrap_free
 .text          0x1000478c       0x10 CMakeFiles/KT-5.dir/C_/Projects/Pico/pico-sdk/src/rp2_common/pico_mem_ops/mem_ops_aeabi.S.obj
                0x1000478c                __aeabi_mem_init
 .text.memset   0x1000479c        0xc CMakeFiles/KT-5.dir/C_/Projects/Pico/pico-sdk/src/rp2_common/pico_mem_ops/mem_ops_aeabi.S.obj
                0x1000479c                __wrap_memset
 .text.memcpy   0x100047a8        0xc CMakeFiles/KT-5.dir/C_/Projects/Pico/pico-sdk/src/rp2_common/pico_mem_ops/mem_ops_aeabi.S.obj
                0x100047a8                __wrap_memcpy
                0x100047a8                __wrap___aeabi_memcpy
 .text.stdio_out_chars_no_crlf
                0x100047b4       0x10 CMakeFiles/KT-5.dir/C_/Projects/Pico/pico-sdk/src/rp2_common/pico_stdio/stdio.c.obj
 .text.stdio_out_chars_crlf
                0x100047c4       0xb4 CMakeFiles/KT-5.dir/C_/Projects/Pico/pico-sdk/src/rp2_common/pico_stdio/stdio.c.obj
 .text.stdio_buffered_printer
                0x10004878       0x64 CMakeFiles/KT-5.dir/C_/Projects/Pico/pico-sdk/src/rp2_common/pico_stdio/stdio.c.obj
 .text.stdio_put_string.isra.0
                0x100048dc       0xfc CMakeFiles/KT-5.dir/C_/Projects/Pico/pico-sdk/src/rp2_common/pico_stdio/stdio.c.obj
 .text.__wrap_putchar
                0x100049d8       0xa0 CMakeFiles/KT-5.dir/C_/Projects/Pico/pico-sdk/src/rp2_common/pico_stdio/stdio.c.obj
                0x100049d8                __wrap_putchar
 .text.__wrap_puts
                0x10004a78       0x3c CMakeFiles/KT-5.dir/C_/Projects/Pico/pico-sdk/src/rp2_common/pico_stdio/stdio.c.obj
                0x10004a78                __wrap_puts
 .text._read    0x10004ab4       0x98 CMakeFiles/KT-5.dir/C_/Projects/Pico/pico-sdk/src/rp2_common/pico_stdio/stdio.c.obj
                0x10004ab4                _read
 .text._write   0x10004b4c       0xac CMakeFiles/KT-5.dir/C_/Projects/Pico/pico-sdk/src/rp2_common/pico_stdio/stdio.c.obj
                0x10004b4c                _write
 .text.stdio_set_driver_enabled
                0x10004bf8       0x3c CMakeFiles/KT-5.dir/C_/Projects/Pico/pico-sdk/src/rp2_common/pico_stdio/stdio.c.obj
                0x10004bf8                stdio_set_driver_enabled
 .text.__wrap_vprintf
                0x10004c34       0xd8 CMakeFiles/KT-5.dir/C_/Projects/Pico/pico-sdk/src/rp2_common/pico_stdio/stdio.c.obj
                0x10004c34                __wrap_vprintf
 .text.__wrap_printf
                0x10004d0c       0x18 CMakeFiles/KT-5.dir/C_/Projects/Pico/pico-sdk/src/rp2_common/pico_stdio/stdio.c.obj
                0x10004d0c                __wrap_printf
 .text.stdio_init_all
                0x10004d24        0x8 CMakeFiles/KT-5.dir/C_/Projects/Pico/pico-sdk/src/rp2_common/pico_stdio/stdio.c.obj
                0x10004d24                stdio_init_all
 .text.resetd_init
                0x10004d2c        0x4 CMakeFiles/KT-5.dir/C_/Projects/Pico/pico-sdk/src/rp2_common/pico_stdio_usb/reset_interface.c.obj
 .text.resetd_reset
                0x10004d30        0xc CMakeFiles/KT-5.dir/C_/Projects/Pico/pico-sdk/src/rp2_common/pico_stdio_usb/reset_interface.c.obj
 .text.resetd_open
                0x10004d3c       0x28 CMakeFiles/KT-5.dir/C_/Projects/Pico/pico-sdk/src/rp2_common/pico_stdio_usb/reset_interface.c.obj
 .text.resetd_xfer_cb
                0x10004d64        0x4 CMakeFiles/KT-5.dir/C_/Projects/Pico/pico-sdk/src/rp2_common/pico_stdio_usb/reset_interface.c.obj
 .text.resetd_control_xfer_cb
                0x10004d68       0x64 CMakeFiles/KT-5.dir/C_/Projects/Pico/pico-sdk/src/rp2_common/pico_stdio_usb/reset_interface.c.obj
 .text.usbd_app_driver_get_cb
                0x10004dcc        0xc CMakeFiles/KT-5.dir/C_/Projects/Pico/pico-sdk/src/rp2_common/pico_stdio_usb/reset_interface.c.obj
                0x10004dcc                usbd_app_driver_get_cb
 .text.tud_cdc_line_coding_cb
                0x10004dd8       0x34 CMakeFiles/KT-5.dir/C_/Projects/Pico/pico-sdk/src/rp2_common/pico_stdio_usb/reset_interface.c.obj
                0x10004dd8                tud_cdc_line_coding_cb
 .text.stdio_usb_in_chars
                0x10004e0c       0x68 CMakeFiles/KT-5.dir/C_/Projects/Pico/pico-sdk/src/rp2_common/pico_stdio_usb/stdio_usb.c.obj
                0x10004e0c                stdio_usb_in_chars
 .text.stdio_usb_out_chars
                0x10004e74       0xe4 CMakeFiles/KT-5.dir/C_/Projects/Pico/pico-sdk/src/rp2_common/pico_stdio_usb/stdio_usb.c.obj
 .text.timer_task
                0x10004f58       0x10 CMakeFiles/KT-5.dir/C_/Projects/Pico/pico-sdk/src/rp2_common/pico_stdio_usb/stdio_usb.c.obj
 .text.low_priority_worker_irq
                0x10004f68       0x24 CMakeFiles/KT-5.dir/C_/Projects/Pico/pico-sdk/src/rp2_common/pico_stdio_usb/stdio_usb.c.obj
 .text.stdio_usb_init
                0x10004f8c       0x90 CMakeFiles/KT-5.dir/C_/Projects/Pico/pico-sdk/src/rp2_common/pico_stdio_usb/stdio_usb.c.obj
                0x10004f8c                stdio_usb_init
 .text.tud_descriptor_device_cb
                0x1000501c        0x8 CMakeFiles/KT-5.dir/C_/Projects/Pico/pico-sdk/src/rp2_common/pico_stdio_usb/stdio_usb_descriptors.c.obj
                0x1000501c                tud_descriptor_device_cb
 .text.tud_descriptor_configuration_cb
                0x10005024        0x8 CMakeFiles/KT-5.dir/C_/Projects/Pico/pico-sdk/src/rp2_common/pico_stdio_usb/stdio_usb_descriptors.c.obj
                0x10005024                tud_descriptor_configuration_cb
 .text.tud_descriptor_string_cb
                0x1000502c       0x74 CMakeFiles/KT-5.dir/C_/Projects/Pico/pico-sdk/src/rp2_common/pico_stdio_usb/stdio_usb_descriptors.c.obj
                0x1000502c                tud_descriptor_string_cb
 .text.dcd_rp2040_irq
                0x100050a0      0x21c CMakeFiles/KT-5.dir/C_/Projects/Pico/pico-sdk/lib/tinyusb/src/portable/raspberrypi/rp2040/dcd_rp2040.c.obj
 .text.dcd_int_enable
                0x100052bc        0xc CMakeFiles/KT-5.dir/C_/Projects/Pico/pico-sdk/lib/tinyusb/src/portable/raspberrypi/rp2040/dcd_rp2040.c.obj
                0x100052bc                dcd_int_enable
 .text.dcd_set_address
                0x100052c8       0x14 CMakeFiles/KT-5.dir/C_/Projects/Pico/pico-sdk/lib/tinyusb/src/portable/raspberrypi/rp2040/dcd_rp2040.c.obj
                0x100052c8                dcd_set_address
 .text.dcd_connect
                0x100052dc       0x10 CMakeFiles/KT-5.dir/C_/Projects/Pico/pico-sdk/lib/tinyusb/src/portable/raspberrypi/rp2040/dcd_rp2040.c.obj
                0x100052dc                dcd_connect
 .text.dcd_init
                0x100052ec      0x144 CMakeFiles/KT-5.dir/C_/Projects/Pico/pico-sdk/lib/tinyusb/src/portable/raspberrypi/rp2040/dcd_rp2040.c.obj
                0x100052ec                dcd_init
 .text.dcd_edpt0_status_complete
                0x10005430       0x1c CMakeFiles/KT-5.dir/C_/Projects/Pico/pico-sdk/lib/tinyusb/src/portable/raspberrypi/rp2040/dcd_rp2040.c.obj
                0x10005430                dcd_edpt0_status_complete
 .text.dcd_edpt_open
                0x1000544c       0xf0 CMakeFiles/KT-5.dir/C_/Projects/Pico/pico-sdk/lib/tinyusb/src/portable/raspberrypi/rp2040/dcd_rp2040.c.obj
                0x1000544c                dcd_edpt_open
 .text.dcd_edpt_close_all
                0x1000553c       0xbc CMakeFiles/KT-5.dir/C_/Projects/Pico/pico-sdk/lib/tinyusb/src/portable/raspberrypi/rp2040/dcd_rp2040.c.obj
                0x1000553c                dcd_edpt_close_all
 .text.dcd_edpt_xfer
                0x100055f8       0x24 CMakeFiles/KT-5.dir/C_/Projects/Pico/pico-sdk/lib/tinyusb/src/portable/raspberrypi/rp2040/dcd_rp2040.c.obj
                0x100055f8                dcd_edpt_xfer
 .text.dcd_edpt_stall
                0x1000561c       0x38 CMakeFiles/KT-5.dir/C_/Projects/Pico/pico-sdk/lib/tinyusb/src/portable/raspberrypi/rp2040/dcd_rp2040.c.obj
                0x1000561c                dcd_edpt_stall
 .text.dcd_edpt_clear_stall
                0x10005654       0x30 CMakeFiles/KT-5.dir/C_/Projects/Pico/pico-sdk/lib/tinyusb/src/portable/raspberrypi/rp2040/dcd_rp2040.c.obj
                0x10005654                dcd_edpt_clear_stall
 .text._hw_endpoint_buffer_control_update32.part.0.isra.0
                0x10005684       0x1c CMakeFiles/KT-5.dir/C_/Projects/Pico/pico-sdk/lib/tinyusb/src/portable/raspberrypi/rp2040/rp2040_usb.c.obj
 .text.rp2040_usb_init
                0x100056a0       0x4c CMakeFiles/KT-5.dir/C_/Projects/Pico/pico-sdk/lib/tinyusb/src/portable/raspberrypi/rp2040/rp2040_usb.c.obj
                0x100056a0                rp2040_usb_init
 .text.hw_endpoint_reset_transfer
                0x100056ec        0xc CMakeFiles/KT-5.dir/C_/Projects/Pico/pico-sdk/lib/tinyusb/src/portable/raspberrypi/rp2040/rp2040_usb.c.obj
                0x100056ec                hw_endpoint_reset_transfer
 .text._hw_endpoint_buffer_control_update32
                0x100056f8       0x44 CMakeFiles/KT-5.dir/C_/Projects/Pico/pico-sdk/lib/tinyusb/src/portable/raspberrypi/rp2040/rp2040_usb.c.obj
                0x100056f8                _hw_endpoint_buffer_control_update32
 .text.hw_endpoint_xfer_start
                0x1000573c      0x138 CMakeFiles/KT-5.dir/C_/Projects/Pico/pico-sdk/lib/tinyusb/src/portable/raspberrypi/rp2040/rp2040_usb.c.obj
                0x1000573c                hw_endpoint_xfer_start
 .text.hw_endpoint_xfer_continue
                0x10005874      0x1e4 CMakeFiles/KT-5.dir/C_/Projects/Pico/pico-sdk/lib/tinyusb/src/portable/raspberrypi/rp2040/rp2040_usb.c.obj
                0x10005874                hw_endpoint_xfer_continue
 .text.tud_mounted
                0x10005a58       0x10 CMakeFiles/KT-5.dir/C_/Projects/Pico/pico-sdk/lib/tinyusb/src/device/usbd.c.obj
                0x10005a58                tud_mounted
 .text.tud_suspended
                0x10005a68       0x10 CMakeFiles/KT-5.dir/C_/Projects/Pico/pico-sdk/lib/tinyusb/src/device/usbd.c.obj
                0x10005a68                tud_suspended
 .text.tud_inited
                0x10005a78        0xc CMakeFiles/KT-5.dir/C_/Projects/Pico/pico-sdk/lib/tinyusb/src/device/usbd.c.obj
                0x10005a78                tud_inited
 .text.tud_init
                0x10005a84       0xd8 CMakeFiles/KT-5.dir/C_/Projects/Pico/pico-sdk/lib/tinyusb/src/device/usbd.c.obj
                0x10005a84                tud_init
 .text.tud_task
                0x10005b5c      0x8ec CMakeFiles/KT-5.dir/C_/Projects/Pico/pico-sdk/lib/tinyusb/src/device/usbd.c.obj
                0x10005b5c                tud_task
 .text.dcd_event_bus_signal
                0x10006448      0x120 CMakeFiles/KT-5.dir/C_/Projects/Pico/pico-sdk/lib/tinyusb/src/device/usbd.c.obj
                0x10006448                dcd_event_bus_signal
 .text.dcd_event_bus_reset
                0x10006568       0x54 CMakeFiles/KT-5.dir/C_/Projects/Pico/pico-sdk/lib/tinyusb/src/device/usbd.c.obj
                0x10006568                dcd_event_bus_reset
 .text.dcd_event_setup_received
                0x100065bc       0x50 CMakeFiles/KT-5.dir/C_/Projects/Pico/pico-sdk/lib/tinyusb/src/device/usbd.c.obj
                0x100065bc                dcd_event_setup_received
 .text.dcd_event_xfer_complete
                0x1000660c       0x68 CMakeFiles/KT-5.dir/C_/Projects/Pico/pico-sdk/lib/tinyusb/src/device/usbd.c.obj
                0x1000660c                dcd_event_xfer_complete
 .text.usbd_open_edpt_pair
                0x10006674       0x80 CMakeFiles/KT-5.dir/C_/Projects/Pico/pico-sdk/lib/tinyusb/src/device/usbd.c.obj
                0x10006674                usbd_open_edpt_pair
 .text.usbd_edpt_open
                0x100066f4       0x30 CMakeFiles/KT-5.dir/C_/Projects/Pico/pico-sdk/lib/tinyusb/src/device/usbd.c.obj
                0x100066f4                usbd_edpt_open
 .text.usbd_edpt_claim
                0x10006724       0x64 CMakeFiles/KT-5.dir/C_/Projects/Pico/pico-sdk/lib/tinyusb/src/device/usbd.c.obj
                0x10006724                usbd_edpt_claim
 .text.usbd_edpt_release
                0x10006788       0x4c CMakeFiles/KT-5.dir/C_/Projects/Pico/pico-sdk/lib/tinyusb/src/device/usbd.c.obj
                0x10006788                usbd_edpt_release
 .text.usbd_edpt_xfer
                0x100067d4       0x48 CMakeFiles/KT-5.dir/C_/Projects/Pico/pico-sdk/lib/tinyusb/src/device/usbd.c.obj
                0x100067d4                usbd_edpt_xfer
 .text.tud_control_status
                0x1000681c       0x30 CMakeFiles/KT-5.dir/C_/Projects/Pico/pico-sdk/lib/tinyusb/src/device/usbd_control.c.obj
                0x1000681c                tud_control_status
 .text.tud_control_xfer
                0x1000684c       0xbc CMakeFiles/KT-5.dir/C_/Projects/Pico/pico-sdk/lib/tinyusb/src/device/usbd_control.c.obj
                0x1000684c                tud_control_xfer
 .text.usbd_control_reset
                0x10006908       0x14 CMakeFiles/KT-5.dir/C_/Projects/Pico/pico-sdk/lib/tinyusb/src/device/usbd_control.c.obj
                0x10006908                usbd_control_reset
 .text.usbd_control_set_complete_callback
                0x1000691c        0xc CMakeFiles/KT-5.dir/C_/Projects/Pico/pico-sdk/lib/tinyusb/src/device/usbd_control.c.obj
                0x1000691c                usbd_control_set_complete_callback
 .text.usbd_control_set_request
                0x10006928       0x1c CMakeFiles/KT-5.dir/C_/Projects/Pico/pico-sdk/lib/tinyusb/src/device/usbd_control.c.obj
                0x10006928                usbd_control_set_request
 .text.usbd_control_xfer_cb
                0x10006944       0xfc CMakeFiles/KT-5.dir/C_/Projects/Pico/pico-sdk/lib/tinyusb/src/device/usbd_control.c.obj
                0x10006944                usbd_control_xfer_cb
 .text.tud_cdc_n_connected
                0x10006a40       0x30 CMakeFiles/KT-5.dir/C_/Projects/Pico/pico-sdk/lib/tinyusb/src/class/cdc/cdc_device.c.obj
                0x10006a40                tud_cdc_n_connected
 .text.tud_cdc_n_available
                0x10006a70       0x18 CMakeFiles/KT-5.dir/C_/Projects/Pico/pico-sdk/lib/tinyusb/src/class/cdc/cdc_device.c.obj
                0x10006a70                tud_cdc_n_available
 .text.tud_cdc_n_read
                0x10006a88       0x70 CMakeFiles/KT-5.dir/C_/Projects/Pico/pico-sdk/lib/tinyusb/src/class/cdc/cdc_device.c.obj
                0x10006a88                tud_cdc_n_read
 .text.tud_cdc_n_write_flush
                0x10006af8       0x78 CMakeFiles/KT-5.dir/C_/Projects/Pico/pico-sdk/lib/tinyusb/src/class/cdc/cdc_device.c.obj
                0x10006af8                tud_cdc_n_write_flush
 .text.tud_cdc_n_write
                0x10006b70       0x34 CMakeFiles/KT-5.dir/C_/Projects/Pico/pico-sdk/lib/tinyusb/src/class/cdc/cdc_device.c.obj
                0x10006b70                tud_cdc_n_write
 .text.tud_cdc_n_write_available
                0x10006ba4       0x18 CMakeFiles/KT-5.dir/C_/Projects/Pico/pico-sdk/lib/tinyusb/src/class/cdc/cdc_device.c.obj
                0x10006ba4                tud_cdc_n_write_available
 .text.cdcd_init
                0x10006bbc       0x7c CMakeFiles/KT-5.dir/C_/Projects/Pico/pico-sdk/lib/tinyusb/src/class/cdc/cdc_device.c.obj
                0x10006bbc                cdcd_init
 .text.cdcd_reset
                0x10006c38       0x2c CMakeFiles/KT-5.dir/C_/Projects/Pico/pico-sdk/lib/tinyusb/src/class/cdc/cdc_device.c.obj
                0x10006c38                cdcd_reset
 .text.cdcd_open
                0x10006c64       0xe4 CMakeFiles/KT-5.dir/C_/Projects/Pico/pico-sdk/lib/tinyusb/src/class/cdc/cdc_device.c.obj
                0x10006c64                cdcd_open
 .text.cdcd_control_xfer_cb
                0x10006d48       0xe4 CMakeFiles/KT-5.dir/C_/Projects/Pico/pico-sdk/lib/tinyusb/src/class/cdc/cdc_device.c.obj
                0x10006d48                cdcd_control_xfer_cb
 .text.cdcd_xfer_cb
                0x10006e2c      0x148 CMakeFiles/KT-5.dir/C_/Projects/Pico/pico-sdk/lib/tinyusb/src/class/cdc/cdc_device.c.obj
                0x10006e2c                cdcd_xfer_cb
 .text.tusb_init
                0x10006f74        0xc CMakeFiles/KT-5.dir/C_/Projects/Pico/pico-sdk/lib/tinyusb/src/tusb.c.obj
                0x10006f74                tusb_init
 .text.tusb_inited
                0x10006f80        0x8 CMakeFiles/KT-5.dir/C_/Projects/Pico/pico-sdk/lib/tinyusb/src/tusb.c.obj
                0x10006f80                tusb_inited
 .text.tu_edpt_validate
                0x10006f88       0x78 CMakeFiles/KT-5.dir/C_/Projects/Pico/pico-sdk/lib/tinyusb/src/tusb.c.obj
                0x10006f88                tu_edpt_validate
 .text.tu_edpt_bind_driver
                0x10007000       0x2c CMakeFiles/KT-5.dir/C_/Projects/Pico/pico-sdk/lib/tinyusb/src/tusb.c.obj
                0x10007000                tu_edpt_bind_driver
 .text.tu_fifo_config
                0x1000702c       0x78 CMakeFiles/KT-5.dir/C_/Projects/Pico/pico-sdk/lib/tinyusb/src/common/tusb_fifo.c.obj
                0x1000702c                tu_fifo_config
 .text.tu_fifo_count
                0x100070a4       0x20 CMakeFiles/KT-5.dir/C_/Projects/Pico/pico-sdk/lib/tinyusb/src/common/tusb_fifo.c.obj
                0x100070a4                tu_fifo_count
 .text.tu_fifo_empty
                0x100070c4       0x10 CMakeFiles/KT-5.dir/C_/Projects/Pico/pico-sdk/lib/tinyusb/src/common/tusb_fifo.c.obj
                0x100070c4                tu_fifo_empty
 .text.tu_fifo_remaining
                0x100070d4       0x1c CMakeFiles/KT-5.dir/C_/Projects/Pico/pico-sdk/lib/tinyusb/src/common/tusb_fifo.c.obj
                0x100070d4                tu_fifo_remaining
 .text.tu_fifo_read
                0x100070f0       0x9c CMakeFiles/KT-5.dir/C_/Projects/Pico/pico-sdk/lib/tinyusb/src/common/tusb_fifo.c.obj
                0x100070f0                tu_fifo_read
 .text.tu_fifo_read_n
                0x1000718c      0x100 CMakeFiles/KT-5.dir/C_/Projects/Pico/pico-sdk/lib/tinyusb/src/common/tusb_fifo.c.obj
                0x1000718c                tu_fifo_read_n
 .text.tu_fifo_write
                0x1000728c       0x7c CMakeFiles/KT-5.dir/C_/Projects/Pico/pico-sdk/lib/tinyusb/src/common/tusb_fifo.c.obj
                0x1000728c                tu_fifo_write
 .text.tu_fifo_write_n
                0x10007308      0x100 CMakeFiles/KT-5.dir/C_/Projects/Pico/pico-sdk/lib/tinyusb/src/common/tusb_fifo.c.obj
                0x10007308                tu_fifo_write_n
 .text.tu_fifo_clear
                0x10007408       0x4c CMakeFiles/KT-5.dir/C_/Projects/Pico/pico-sdk/lib/tinyusb/src/common/tusb_fifo.c.obj
                0x10007408                tu_fifo_clear
 .text.tu_fifo_set_overwritable
                0x10007454       0x3c CMakeFiles/KT-5.dir/C_/Projects/Pico/pico-sdk/lib/tinyusb/src/common/tusb_fifo.c.obj
                0x10007454                tu_fifo_set_overwritable
 .text.startup._retrieve_unique_id_on_boot
                0x10007490       0x10 CMakeFiles/KT-5.dir/C_/Projects/Pico/pico-sdk/src/rp2_common/pico_unique_id/unique_id.c.obj
 .text.pico_get_unique_board_id_string
                0x100074a0      0x1a8 CMakeFiles/KT-5.dir/C_/Projects/Pico/pico-sdk/src/rp2_common/pico_unique_id/unique_id.c.obj
                0x100074a0                pico_get_unique_board_id_string
 .text.flash_get_unique_id
                0x10007648       0x40 CMakeFiles/KT-5.dir/C_/Projects/Pico/pico-sdk/src/rp2_common/hardware_flash/flash.c.obj
                0x10007648                flash_get_unique_id
 .text.i2c_set_baudrate
                0x10007688       0xc4 CMakeFiles/KT-5.dir/C_/Projects/Pico/pico-sdk/src/rp2_common/hardware_i2c/i2c.c.obj
                0x10007688                i2c_set_baudrate
 .text.i2c_init
                0x1000774c       0x54 CMakeFiles/KT-5.dir/C_/Projects/Pico/pico-sdk/src/rp2_common/hardware_i2c/i2c.c.obj
                0x1000774c                i2c_init
 .text.i2c_write_blocking
                0x100077a0       0xd0 CMakeFiles/KT-5.dir/C_/Projects/Pico/pico-sdk/src/rp2_common/hardware_i2c/i2c.c.obj
                0x100077a0                i2c_write_blocking
 .text._ZN12pico_ssd13067SSD13068setPixelEssNS_9WriteModeE
                0x10007870       0x94 pico-ssd1306\libpico_ssd1306.a(ssd1306.cpp.obj)
                0x10007870                pico_ssd1306::SSD1306::setPixel(short, short, pico_ssd1306::WriteMode)
 .text._ZN12pico_ssd13067SSD130610sendBufferEv
                0x10007904       0xb8 pico-ssd1306\libpico_ssd1306.a(ssd1306.cpp.obj)
                0x10007904                pico_ssd1306::SSD1306::sendBuffer()
 .text._ZN12pico_ssd13067SSD1306C2EP8i2c_insttNS_4SizeE
                0x100079bc       0x98 pico-ssd1306\libpico_ssd1306.a(ssd1306.cpp.obj)
                0x100079bc                pico_ssd1306::SSD1306::SSD1306(i2c_inst*, unsigned short, pico_ssd1306::Size)
                0x100079bc                pico_ssd1306::SSD1306::SSD1306(i2c_inst*, unsigned short, pico_ssd1306::Size)
 .text._ZN12pico_ssd13067SSD13065clearEv
                0x10007a54        0xc pico-ssd1306\libpico_ssd1306.a(ssd1306.cpp.obj)
                0x10007a54                pico_ssd1306::SSD1306::clear()
 .text._ZN12pico_ssd13067SSD130614setOrientationEb
                0x10007a60       0x68 pico-ssd1306\libpico_ssd1306.a(ssd1306.cpp.obj)
                0x10007a60                pico_ssd1306::SSD1306::setOrientation(bool)
 .text._ZN11FrameBufferC2Ev
                0x10007ac8       0x14 pico-ssd1306\libpico_ssd1306.a(FrameBuffer.cpp.obj)
                0x10007ac8                FrameBuffer::FrameBuffer()
                0x10007ac8                FrameBuffer::FrameBuffer()
 .text._ZN11FrameBuffer6byteOREih
                0x10007adc       0x14 pico-ssd1306\libpico_ssd1306.a(FrameBuffer.cpp.obj)
                0x10007adc                FrameBuffer::byteOR(int, unsigned char)
 .text._ZN11FrameBuffer7byteANDEih
                0x10007af0       0x14 pico-ssd1306\libpico_ssd1306.a(FrameBuffer.cpp.obj)
                0x10007af0                FrameBuffer::byteAND(int, unsigned char)
 .text._ZN11FrameBuffer7byteXOREih
                0x10007b04       0x14 pico-ssd1306\libpico_ssd1306.a(FrameBuffer.cpp.obj)
                0x10007b04                FrameBuffer::byteXOR(int, unsigned char)
 .text._ZN11FrameBuffer5clearEv
                0x10007b18       0x10 pico-ssd1306\libpico_ssd1306.a(FrameBuffer.cpp.obj)
                0x10007b18                FrameBuffer::clear()
 .text._ZN11FrameBuffer3getEv
                0x10007b28        0x4 pico-ssd1306\libpico_ssd1306.a(FrameBuffer.cpp.obj)
                0x10007b28                FrameBuffer::get()
 .text._ZN12pico_ssd13068drawCharEPNS_7SSD1306EPKhchhNS_9WriteModeENS_8RotationE.part.0
                0x10007b2c       0xe8 pico-ssd1306\textRenderer\libssd1306_textRenderer.a(TextRenderer.cpp.obj)
 .text._ZN12pico_ssd13068drawTextEPNS_7SSD1306EPKhPKchhNS_9WriteModeENS_8RotationE
                0x10007c14       0xa8 pico-ssd1306\textRenderer\libssd1306_textRenderer.a(TextRenderer.cpp.obj)
                0x10007c14                pico_ssd1306::drawText(pico_ssd1306::SSD1306*, unsigned char const*, char const*, unsigned char, unsigned char, pico_ssd1306::WriteMode, pico_ssd1306::Rotation)
 .text._ZNK10__cxxabiv117__class_type_info11__do_upcastEPKS0_PPv
                0x10007cbc       0x34 c:/progra~2/gnuarm~1/102021~1.10/bin/../lib/gcc/arm-none-eabi/10.3.1/../../../../arm-none-eabi/lib/thumb/v6-m/nofp\libstdc++.a(class_type_info.o)
                0x10007cbc                __cxxabiv1::__class_type_info::__do_upcast(__cxxabiv1::__class_type_info const*, void**) const
 .text._ZNK10__cxxabiv117__class_type_info20__do_find_public_srcEiPKvPKS0_S2_
                0x10007cf0       0x14 c:/progra~2/gnuarm~1/102021~1.10/bin/../lib/gcc/arm-none-eabi/10.3.1/../../../../arm-none-eabi/lib/thumb/v6-m/nofp\libstdc++.a(class_type_info.o)
                0x10007cf0                __cxxabiv1::__class_type_info::__do_find_public_src(int, void const*, __cxxabiv1::__class_type_info const*, void const*) const
 .text._ZN10__cxxabiv117__class_type_infoD2Ev
                0x10007d04       0x18 c:/progra~2/gnuarm~1/102021~1.10/bin/../lib/gcc/arm-none-eabi/10.3.1/../../../../arm-none-eabi/lib/thumb/v6-m/nofp\libstdc++.a(class_type_info.o)
                0x10007d04                __cxxabiv1::__class_type_info::~__class_type_info()
                0x10007d04                __cxxabiv1::__class_type_info::~__class_type_info()
 .text._ZN10__cxxabiv117__class_type_infoD0Ev
                0x10007d1c       0x20 c:/progra~2/gnuarm~1/102021~1.10/bin/../lib/gcc/arm-none-eabi/10.3.1/../../../../arm-none-eabi/lib/thumb/v6-m/nofp\libstdc++.a(class_type_info.o)
                0x10007d1c                __cxxabiv1::__class_type_info::~__class_type_info()
 .text._ZNK10__cxxabiv117__class_type_info12__do_dyncastEiNS0_10__sub_kindEPKS0_PKvS3_S5_RNS0_16__dyncast_resultE
                0x10007d3c       0x40 c:/progra~2/gnuarm~1/102021~1.10/bin/../lib/gcc/arm-none-eabi/10.3.1/../../../../arm-none-eabi/lib/thumb/v6-m/nofp\libstdc++.a(class_type_info.o)
                0x10007d3c                __cxxabiv1::__class_type_info::__do_dyncast(int, __cxxabiv1::__class_type_info::__sub_kind, __cxxabiv1::__class_type_info const*, void const*, __cxxabiv1::__class_type_info const*, void const*, __cxxabiv1::__class_type_info::__dyncast_result&) const
 .text._ZNK10__cxxabiv117__class_type_info11__do_upcastEPKS0_PKvRNS0_15__upcast_resultE
                0x10007d7c       0x1c c:/progra~2/gnuarm~1/102021~1.10/bin/../lib/gcc/arm-none-eabi/10.3.1/../../../../arm-none-eabi/lib/thumb/v6-m/nofp\libstdc++.a(class_type_info.o)
                0x10007d7c                __cxxabiv1::__class_type_info::__do_upcast(__cxxabiv1::__class_type_info const*, void const*, __cxxabiv1::__class_type_info::__upcast_result&) const
 .text._ZNK10__cxxabiv117__class_type_info10__do_catchEPKSt9type_infoPPvj
                0x10007d98       0x24 c:/progra~2/gnuarm~1/102021~1.10/bin/../lib/gcc/arm-none-eabi/10.3.1/../../../../arm-none-eabi/lib/thumb/v6-m/nofp\libstdc++.a(class_type_info.o)
                0x10007d98                __cxxabiv1::__class_type_info::__do_catch(std::type_info const*, void**, unsigned int) const
 .text._ZdlPvj  0x10007dbc        0x8 c:/progra~2/gnuarm~1/102021~1.10/bin/../lib/gcc/arm-none-eabi/10.3.1/../../../../arm-none-eabi/lib/thumb/v6-m/nofp\libstdc++.a(del_ops.o)
                0x10007dbc                operator delete(void*, unsigned int)
 .text.__cxa_end_cleanup
                0x10007dc4        0xc c:/progra~2/gnuarm~1/102021~1.10/bin/../lib/gcc/arm-none-eabi/10.3.1/../../../../arm-none-eabi/lib/thumb/v6-m/nofp\libstdc++.a(eh_arm.o)
                0x10007dc4                __cxa_end_cleanup
 .text.__cxa_type_match
                0x10007dd0       0xc0 c:/progra~2/gnuarm~1/102021~1.10/bin/../lib/gcc/arm-none-eabi/10.3.1/../../../../arm-none-eabi/lib/thumb/v6-m/nofp\libstdc++.a(eh_arm.o)
                0x10007dd0                __cxa_type_match
 .text.__cxa_begin_cleanup
                0x10007e90       0x60 c:/progra~2/gnuarm~1/102021~1.10/bin/../lib/gcc/arm-none-eabi/10.3.1/../../../../arm-none-eabi/lib/thumb/v6-m/nofp\libstdc++.a(eh_arm.o)
                0x10007e90                __cxa_begin_cleanup
 .text.__gnu_end_cleanup
                0x10007ef0       0x70 c:/progra~2/gnuarm~1/102021~1.10/bin/../lib/gcc/arm-none-eabi/10.3.1/../../../../arm-none-eabi/lib/thumb/v6-m/nofp\libstdc++.a(eh_arm.o)
                0x10007ef0                __gnu_end_cleanup
 .text._ZNSt9exceptionD2Ev
                0x10007f60        0x4 c:/progra~2/gnuarm~1/102021~1.10/bin/../lib/gcc/arm-none-eabi/10.3.1/../../../../arm-none-eabi/lib/thumb/v6-m/nofp\libstdc++.a(eh_exception.o)
                0x10007f60                std::exception::~exception()
                0x10007f60                std::exception::~exception()
 .text._ZNSt13bad_exceptionD2Ev
                0x10007f64        0x4 c:/progra~2/gnuarm~1/102021~1.10/bin/../lib/gcc/arm-none-eabi/10.3.1/../../../../arm-none-eabi/lib/thumb/v6-m/nofp\libstdc++.a(eh_exception.o)
                0x10007f64                std::bad_exception::~bad_exception()
                0x10007f64                std::bad_exception::~bad_exception()
 .text._ZNKSt13bad_exception4whatEv
                0x10007f68        0x8 c:/progra~2/gnuarm~1/102021~1.10/bin/../lib/gcc/arm-none-eabi/10.3.1/../../../../arm-none-eabi/lib/thumb/v6-m/nofp\libstdc++.a(eh_exception.o)
                0x10007f68                std::bad_exception::what() const
                0x10007f68                transaction clone for std::bad_exception::what() const
 .text._ZNSt13bad_exceptionD0Ev
                0x10007f70       0x10 c:/progra~2/gnuarm~1/102021~1.10/bin/../lib/gcc/arm-none-eabi/10.3.1/../../../../arm-none-eabi/lib/thumb/v6-m/nofp\libstdc++.a(eh_exception.o)
                0x10007f70                std::bad_exception::~bad_exception()
 .text.__cxa_get_globals_fast
                0x10007f80        0x8 c:/progra~2/gnuarm~1/102021~1.10/bin/../lib/gcc/arm-none-eabi/10.3.1/../../../../arm-none-eabi/lib/thumb/v6-m/nofp\libstdc++.a(eh_globals.o)
                0x10007f80                __cxa_get_globals_fast
 .text.__cxa_get_globals
                0x10007f88        0x8 c:/progra~2/gnuarm~1/102021~1.10/bin/../lib/gcc/arm-none-eabi/10.3.1/../../../../arm-none-eabi/lib/thumb/v6-m/nofp\libstdc++.a(eh_globals.o)
                0x10007f88                __cxa_get_globals
 .text._ZL28read_encoded_value_with_basehjPKhPj
                0x10007f90      0x114 c:/progra~2/gnuarm~1/102021~1.10/bin/../lib/gcc/arm-none-eabi/10.3.1/../../../../arm-none-eabi/lib/thumb/v6-m/nofp\libstdc++.a(eh_personality.o)
 .text._ZL21base_of_encoded_valuehP15_Unwind_Context
                0x100080a4       0x48 c:/progra~2/gnuarm~1/102021~1.10/bin/../lib/gcc/arm-none-eabi/10.3.1/../../../../arm-none-eabi/lib/thumb/v6-m/nofp\libstdc++.a(eh_personality.o)
 .text._ZL17parse_lsda_headerP15_Unwind_ContextPKhP16lsda_header_info
                0x100080ec       0x98 c:/progra~2/gnuarm~1/102021~1.10/bin/../lib/gcc/arm-none-eabi/10.3.1/../../../../arm-none-eabi/lib/thumb/v6-m/nofp\libstdc++.a(eh_personality.o)
 .text.__gxx_personality_v0
                0x10008184      0x4c8 c:/progra~2/gnuarm~1/102021~1.10/bin/../lib/gcc/arm-none-eabi/10.3.1/../../../../arm-none-eabi/lib/thumb/v6-m/nofp\libstdc++.a(eh_personality.o)
                0x10008184                __gxx_personality_v0
 .text._ZN10__cxxabiv111__terminateEPFvvE
                0x1000864c       0x28 c:/progra~2/gnuarm~1/102021~1.10/bin/../lib/gcc/arm-none-eabi/10.3.1/../../../../arm-none-eabi/lib/thumb/v6-m/nofp\libstdc++.a(eh_terminate.o)
                0x1000864c                __cxxabiv1::__terminate(void (*)())
 .text._ZSt9terminatev
                0x10008674       0x10 c:/progra~2/gnuarm~1/102021~1.10/bin/../lib/gcc/arm-none-eabi/10.3.1/../../../../arm-none-eabi/lib/thumb/v6-m/nofp\libstdc++.a(eh_terminate.o)
                0x10008674                std::terminate()
 .text._ZN10__cxxabiv112__unexpectedEPFvvE
                0x10008684        0x8 c:/progra~2/gnuarm~1/102021~1.10/bin/../lib/gcc/arm-none-eabi/10.3.1/../../../../arm-none-eabi/lib/thumb/v6-m/nofp\libstdc++.a(eh_terminate.o)
                0x10008684                __cxxabiv1::__unexpected(void (*)())
 .text._ZSt10unexpectedv
                0x1000868c       0x10 c:/progra~2/gnuarm~1/102021~1.10/bin/../lib/gcc/arm-none-eabi/10.3.1/../../../../arm-none-eabi/lib/thumb/v6-m/nofp\libstdc++.a(eh_terminate.o)
                0x1000868c                std::unexpected()
 .text._ZSt13get_terminatev
                0x1000869c        0xc c:/progra~2/gnuarm~1/102021~1.10/bin/../lib/gcc/arm-none-eabi/10.3.1/../../../../arm-none-eabi/lib/thumb/v6-m/nofp\libstdc++.a(eh_terminate.o)
                0x1000869c                std::get_terminate()
 .text._ZSt14get_unexpectedv
                0x100086a8        0xc c:/progra~2/gnuarm~1/102021~1.10/bin/../lib/gcc/arm-none-eabi/10.3.1/../../../../arm-none-eabi/lib/thumb/v6-m/nofp\libstdc++.a(eh_terminate.o)
                0x100086a8                std::get_unexpected()
 .text._Znwj    0x100086b4       0x40 c:/progra~2/gnuarm~1/102021~1.10/bin/../lib/gcc/arm-none-eabi/10.3.1/../../../../arm-none-eabi/lib/thumb/v6-m/nofp\libstdc++.a(new_op.o)
                0x100086b4                operator new(unsigned int)
 .text._Znaj    0x100086f4        0x8 c:/progra~2/gnuarm~1/102021~1.10/bin/../lib/gcc/arm-none-eabi/10.3.1/../../../../arm-none-eabi/lib/thumb/v6-m/nofp\libstdc++.a(new_opv.o)
                0x100086f4                operator new[](unsigned int)
 .text._ZN10__cxxabiv120__si_class_type_infoD2Ev
                0x100086fc       0x18 c:/progra~2/gnuarm~1/102021~1.10/bin/../lib/gcc/arm-none-eabi/10.3.1/../../../../arm-none-eabi/lib/thumb/v6-m/nofp\libstdc++.a(si_class_type_info.o)
                0x100086fc                __cxxabiv1::__si_class_type_info::~__si_class_type_info()
                0x100086fc                __cxxabiv1::__si_class_type_info::~__si_class_type_info()
 .text._ZN10__cxxabiv120__si_class_type_infoD0Ev
                0x10008714       0x20 c:/progra~2/gnuarm~1/102021~1.10/bin/../lib/gcc/arm-none-eabi/10.3.1/../../../../arm-none-eabi/lib/thumb/v6-m/nofp\libstdc++.a(si_class_type_info.o)
                0x10008714                __cxxabiv1::__si_class_type_info::~__si_class_type_info()
 .text._ZNK10__cxxabiv120__si_class_type_info20__do_find_public_srcEiPKvPKNS_17__class_type_infoES2_
                0x10008734       0x38 c:/progra~2/gnuarm~1/102021~1.10/bin/../lib/gcc/arm-none-eabi/10.3.1/../../../../arm-none-eabi/lib/thumb/v6-m/nofp\libstdc++.a(si_class_type_info.o)
                0x10008734                __cxxabiv1::__si_class_type_info::__do_find_public_src(int, void const*, __cxxabiv1::__class_type_info const*, void const*) const
 .text._ZNK10__cxxabiv120__si_class_type_info12__do_dyncastEiNS_17__class_type_info10__sub_kindEPKS1_PKvS4_S6_RNS1_16__dyncast_resultE
                0x1000876c       0x9c c:/progra~2/gnuarm~1/102021~1.10/bin/../lib/gcc/arm-none-eabi/10.3.1/../../../../arm-none-eabi/lib/thumb/v6-m/nofp\libstdc++.a(si_class_type_info.o)
                0x1000876c                __cxxabiv1::__si_class_type_info::__do_dyncast(int, __cxxabiv1::__class_type_info::__sub_kind, __cxxabiv1::__class_type_info const*, void const*, __cxxabiv1::__class_type_info const*, void const*, __cxxabiv1::__class_type_info::__dyncast_result&) const
 .text._ZNK10__cxxabiv120__si_class_type_info11__do_upcastEPKNS_17__class_type_infoEPKvRNS1_15__upcast_resultE
                0x10008808       0x24 c:/progra~2/gnuarm~1/102021~1.10/bin/../lib/gcc/arm-none-eabi/10.3.1/../../../../arm-none-eabi/lib/thumb/v6-m/nofp\libstdc++.a(si_class_type_info.o)
                0x10008808                __cxxabiv1::__si_class_type_info::__do_upcast(__cxxabiv1::__class_type_info const*, void const*, __cxxabiv1::__class_type_info::__upcast_result&) const
 .text._ZNSt9type_infoD2Ev
                0x1000882c        0x4 c:/progra~2/gnuarm~1/102021~1.10/bin/../lib/gcc/arm-none-eabi/10.3.1/../../../../arm-none-eabi/lib/thumb/v6-m/nofp\libstdc++.a(tinfo.o)
                0x1000882c                std::type_info::~type_info()
                0x1000882c                std::type_info::~type_info()
 .text._ZNKSt9type_info14__is_pointer_pEv
                0x10008830        0x4 c:/progra~2/gnuarm~1/102021~1.10/bin/../lib/gcc/arm-none-eabi/10.3.1/../../../../arm-none-eabi/lib/thumb/v6-m/nofp\libstdc++.a(tinfo.o)
                0x10008830                std::type_info::__is_pointer_p() const
                0x10008830                std::type_info::__is_function_p() const
 .text._ZNKSt9type_infoeqERKS_
                0x10008834       0x30 c:/progra~2/gnuarm~1/102021~1.10/bin/../lib/gcc/arm-none-eabi/10.3.1/../../../../arm-none-eabi/lib/thumb/v6-m/nofp\libstdc++.a(tinfo.o)
                0x10008834                std::type_info::operator==(std::type_info const&) const
 .text._ZN9__gnu_cxx27__verbose_terminate_handlerEv
                0x10008864      0x114 c:/progra~2/gnuarm~1/102021~1.10/bin/../lib/gcc/arm-none-eabi/10.3.1/../../../../arm-none-eabi/lib/thumb/v6-m/nofp\libstdc++.a(vterminate.o)
                0x10008864                __gnu_cxx::__verbose_terminate_handler()
 .text._ZNKSt9bad_alloc4whatEv
                0x10008978        0x8 c:/progra~2/gnuarm~1/102021~1.10/bin/../lib/gcc/arm-none-eabi/10.3.1/../../../../arm-none-eabi/lib/thumb/v6-m/nofp\libstdc++.a(bad_alloc.o)
                0x10008978                std::bad_alloc::what() const
 .text._ZNSt9bad_allocD2Ev
                0x10008980       0x18 c:/progra~2/gnuarm~1/102021~1.10/bin/../lib/gcc/arm-none-eabi/10.3.1/../../../../arm-none-eabi/lib/thumb/v6-m/nofp\libstdc++.a(bad_alloc.o)
                0x10008980                std::bad_alloc::~bad_alloc()
                0x10008980                std::bad_alloc::~bad_alloc()
 .text._ZNSt9bad_allocD0Ev
                0x10008998       0x20 c:/progra~2/gnuarm~1/102021~1.10/bin/../lib/gcc/arm-none-eabi/10.3.1/../../../../arm-none-eabi/lib/thumb/v6-m/nofp\libstdc++.a(bad_alloc.o)
                0x10008998                std::bad_alloc::~bad_alloc()
 .text          0x100089b8     0x67e4 c:/progra~2/gnuarm~1/102021~1.10/bin/../lib/gcc/arm-none-eabi/10.3.1/../../../../arm-none-eabi/lib/thumb/v6-m/nofp\libstdc++.a(cp-demangle.o)
                0x1000f0a8                __cxa_demangle
                0x1000f17c                __gcclibcxx_demangle_callback
 .text._ZdlPv   0x1000f19c        0x8 c:/progra~2/gnuarm~1/102021~1.10/bin/../lib/gcc/arm-none-eabi/10.3.1/../../../../arm-none-eabi/lib/thumb/v6-m/nofp\libstdc++.a(del_op.o)
                0x1000f19c                operator delete(void*)
 .text._ZN12_GLOBAL__N_14pool4freeEPv.constprop.0
                0x1000f1a4       0x78 c:/progra~2/gnuarm~1/102021~1.10/bin/../lib/gcc/arm-none-eabi/10.3.1/../../../../arm-none-eabi/lib/thumb/v6-m/nofp\libstdc++.a(eh_alloc.o)
 .text._ZN12_GLOBAL__N_14pool8allocateEj.constprop.0
                0x1000f21c       0x54 c:/progra~2/gnuarm~1/102021~1.10/bin/../lib/gcc/arm-none-eabi/10.3.1/../../../../arm-none-eabi/lib/thumb/v6-m/nofp\libstdc++.a(eh_alloc.o)
 .text.__cxa_allocate_exception
                0x1000f270       0x2c c:/progra~2/gnuarm~1/102021~1.10/bin/../lib/gcc/arm-none-eabi/10.3.1/../../../../arm-none-eabi/lib/thumb/v6-m/nofp\libstdc++.a(eh_alloc.o)
                0x1000f270                __cxa_allocate_exception
 .text.__cxa_free_exception
                0x1000f29c       0x24 c:/progra~2/gnuarm~1/102021~1.10/bin/../lib/gcc/arm-none-eabi/10.3.1/../../../../arm-none-eabi/lib/thumb/v6-m/nofp\libstdc++.a(eh_alloc.o)
                0x1000f29c                __cxa_free_exception
 .text.startup._GLOBAL__sub_I__ZN9__gnu_cxx9__freeresEv
                0x1000f2c0       0x2c c:/progra~2/gnuarm~1/102021~1.10/bin/../lib/gcc/arm-none-eabi/10.3.1/../../../../arm-none-eabi/lib/thumb/v6-m/nofp\libstdc++.a(eh_alloc.o)
 .text._ZN10__cxxabiv1L24__is_gxx_exception_classEPc
                0x1000f2ec       0x3c c:/progra~2/gnuarm~1/102021~1.10/bin/../lib/gcc/arm-none-eabi/10.3.1/../../../../arm-none-eabi/lib/thumb/v6-m/nofp\libstdc++.a(eh_call.o)
 .text.__cxa_call_terminate
                0x1000f328       0x20 c:/progra~2/gnuarm~1/102021~1.10/bin/../lib/gcc/arm-none-eabi/10.3.1/../../../../arm-none-eabi/lib/thumb/v6-m/nofp\libstdc++.a(eh_call.o)
                0x1000f328                __cxa_call_terminate
 .text.unlikely.__cxa_call_unexpected
                0x1000f348      0x100 c:/progra~2/gnuarm~1/102021~1.10/bin/../lib/gcc/arm-none-eabi/10.3.1/../../../../arm-none-eabi/lib/thumb/v6-m/nofp\libstdc++.a(eh_call.o)
                0x1000f348                __cxa_call_unexpected
 .text.__cxa_begin_catch
                0x1000f448       0x74 c:/progra~2/gnuarm~1/102021~1.10/bin/../lib/gcc/arm-none-eabi/10.3.1/../../../../arm-none-eabi/lib/thumb/v6-m/nofp\libstdc++.a(eh_catch.o)
                0x1000f448                __cxa_begin_catch
 .text.__cxa_end_catch
                0x1000f4bc       0x90 c:/progra~2/gnuarm~1/102021~1.10/bin/../lib/gcc/arm-none-eabi/10.3.1/../../../../arm-none-eabi/lib/thumb/v6-m/nofp\libstdc++.a(eh_catch.o)
                0x1000f4bc                __cxa_end_catch
 .text._ZL23__gxx_exception_cleanup19_Unwind_Reason_CodeP21_Unwind_Control_Block
                0x1000f54c       0x34 c:/progra~2/gnuarm~1/102021~1.10/bin/../lib/gcc/arm-none-eabi/10.3.1/../../../../arm-none-eabi/lib/thumb/v6-m/nofp\libstdc++.a(eh_throw.o)
 .text.__cxa_init_primary_exception
                0x1000f580       0x4c c:/progra~2/gnuarm~1/102021~1.10/bin/../lib/gcc/arm-none-eabi/10.3.1/../../../../arm-none-eabi/lib/thumb/v6-m/nofp\libstdc++.a(eh_throw.o)
                0x1000f580                __cxa_init_primary_exception
 .text.__cxa_throw
                0x1000f5cc       0x34 c:/progra~2/gnuarm~1/102021~1.10/bin/../lib/gcc/arm-none-eabi/10.3.1/../../../../arm-none-eabi/lib/thumb/v6-m/nofp\libstdc++.a(eh_throw.o)
                0x1000f5cc                __cxa_throw
 .text.__cxa_rethrow
                0x1000f600       0x70 c:/progra~2/gnuarm~1/102021~1.10/bin/../lib/gcc/arm-none-eabi/10.3.1/../../../../arm-none-eabi/lib/thumb/v6-m/nofp\libstdc++.a(eh_throw.o)
                0x1000f600                __cxa_rethrow
 .text.__cxa_current_exception_type
                0x1000f670       0x20 c:/progra~2/gnuarm~1/102021~1.10/bin/../lib/gcc/arm-none-eabi/10.3.1/../../../../arm-none-eabi/lib/thumb/v6-m/nofp\libstdc++.a(eh_type.o)
                0x1000f670                __cxa_current_exception_type
 .text._ZSt15get_new_handlerv
                0x1000f690        0xc c:/progra~2/gnuarm~1/102021~1.10/bin/../lib/gcc/arm-none-eabi/10.3.1/../../../../arm-none-eabi/lib/thumb/v6-m/nofp\libstdc++.a(new_handler.o)
                0x1000f690                std::get_new_handler()
 .text.abort    0x1000f69c       0x10 c:/progra~2/gnuarm~1/102021~1.10/bin/../lib/gcc/arm-none-eabi/10.3.1/../../../../arm-none-eabi/lib/thumb/v6-m/nofp\libc.a(lib_a-abort.o)
                0x1000f69c                abort
 .text.fputc    0x1000f6ac       0x58 c:/progra~2/gnuarm~1/102021~1.10/bin/../lib/gcc/arm-none-eabi/10.3.1/../../../../arm-none-eabi/lib/thumb/v6-m/nofp\libc.a(lib_a-fputc.o)
                0x1000f6ac                fputc
 .text._fputs_r
                0x1000f704       0x8c c:/progra~2/gnuarm~1/102021~1.10/bin/../lib/gcc/arm-none-eabi/10.3.1/../../../../arm-none-eabi/lib/thumb/v6-m/nofp\libc.a(lib_a-fputs.o)
                0x1000f704                _fputs_r
 .text.fputs    0x1000f790       0x18 c:/progra~2/gnuarm~1/102021~1.10/bin/../lib/gcc/arm-none-eabi/10.3.1/../../../../arm-none-eabi/lib/thumb/v6-m/nofp\libc.a(lib_a-fputs.o)
                0x1000f790                fputs
 .text.__sfvwrite_r
                0x1000f7a8      0x2f4 c:/progra~2/gnuarm~1/102021~1.10/bin/../lib/gcc/arm-none-eabi/10.3.1/../../../../arm-none-eabi/lib/thumb/v6-m/nofp\libc.a(lib_a-fvwrite.o)
                0x1000f7a8                __sfvwrite_r
 .text._fwrite_r
                0x1000fa9c       0xb0 c:/progra~2/gnuarm~1/102021~1.10/bin/../lib/gcc/arm-none-eabi/10.3.1/../../../../arm-none-eabi/lib/thumb/v6-m/nofp\libc.a(lib_a-fwrite.o)
                0x1000fa9c                _fwrite_r
 .text.fwrite   0x1000fb4c       0x20 c:/progra~2/gnuarm~1/102021~1.10/bin/../lib/gcc/arm-none-eabi/10.3.1/../../../../arm-none-eabi/lib/thumb/v6-m/nofp\libc.a(lib_a-fwrite.o)
                0x1000fb4c                fwrite
 .text.__retarget_lock_init_recursive
                0x1000fb6c        0x4 c:/progra~2/gnuarm~1/102021~1.10/bin/../lib/gcc/arm-none-eabi/10.3.1/../../../../arm-none-eabi/lib/thumb/v6-m/nofp\libc.a(lib_a-lock.o)
                0x1000fb6c                __retarget_lock_init_recursive
 .text.__retarget_lock_close_recursive
                0x1000fb70        0x4 c:/progra~2/gnuarm~1/102021~1.10/bin/../lib/gcc/arm-none-eabi/10.3.1/../../../../arm-none-eabi/lib/thumb/v6-m/nofp\libc.a(lib_a-lock.o)
                0x1000fb70                __retarget_lock_close_recursive
 .text.__retarget_lock_acquire_recursive
                0x1000fb74        0x4 c:/progra~2/gnuarm~1/102021~1.10/bin/../lib/gcc/arm-none-eabi/10.3.1/../../../../arm-none-eabi/lib/thumb/v6-m/nofp\libc.a(lib_a-lock.o)
                0x1000fb74                __retarget_lock_acquire_recursive
 .text.__retarget_lock_release_recursive
                0x1000fb78        0x4 c:/progra~2/gnuarm~1/102021~1.10/bin/../lib/gcc/arm-none-eabi/10.3.1/../../../../arm-none-eabi/lib/thumb/v6-m/nofp\libc.a(lib_a-lock.o)
                0x1000fb78                __retarget_lock_release_recursive
 .text.malloc   0x1000fb7c       0x14 c:/progra~2/gnuarm~1/102021~1.10/bin/../lib/gcc/arm-none-eabi/10.3.1/../../../../arm-none-eabi/lib/thumb/v6-m/nofp\libc.a(lib_a-malloc.o)
                0x1000fb7c                malloc
 .text.free     0x1000fb90       0x14 c:/progra~2/gnuarm~1/102021~1.10/bin/../lib/gcc/arm-none-eabi/10.3.1/../../../../arm-none-eabi/lib/thumb/v6-m/nofp\libc.a(lib_a-malloc.o)
                0x1000fb90                free
 .text._malloc_r
                0x1000fba4      0x584 c:/progra~2/gnuarm~1/102021~1.10/bin/../lib/gcc/arm-none-eabi/10.3.1/../../../../arm-none-eabi/lib/thumb/v6-m/nofp\libc.a(lib_a-mallocr.o)
                0x1000fba4                _malloc_r
 .text.__malloc_lock
                0x10010128       0x10 c:/progra~2/gnuarm~1/102021~1.10/bin/../lib/gcc/arm-none-eabi/10.3.1/../../../../arm-none-eabi/lib/thumb/v6-m/nofp\libc.a(lib_a-mlock.o)
                0x10010128                __malloc_lock
 .text.__malloc_unlock
                0x10010138       0x10 c:/progra~2/gnuarm~1/102021~1.10/bin/../lib/gcc/arm-none-eabi/10.3.1/../../../../arm-none-eabi/lib/thumb/v6-m/nofp\libc.a(lib_a-mlock.o)
                0x10010138                __malloc_unlock
 .text._putc_r  0x10010148       0x74 c:/progra~2/gnuarm~1/102021~1.10/bin/../lib/gcc/arm-none-eabi/10.3.1/../../../../arm-none-eabi/lib/thumb/v6-m/nofp\libc.a(lib_a-putc.o)
                0x10010148                _putc_r
 .text.realloc  0x100101bc       0x18 c:/progra~2/gnuarm~1/102021~1.10/bin/../lib/gcc/arm-none-eabi/10.3.1/../../../../arm-none-eabi/lib/thumb/v6-m/nofp\libc.a(lib_a-realloc.o)
                0x100101bc                realloc
 .text._realloc_r
                0x100101d4      0x354 c:/progra~2/gnuarm~1/102021~1.10/bin/../lib/gcc/arm-none-eabi/10.3.1/../../../../arm-none-eabi/lib/thumb/v6-m/nofp\libc.a(lib_a-reallocr.o)
                0x100101d4                _realloc_r
 .text._sbrk_r  0x10010528       0x24 c:/progra~2/gnuarm~1/102021~1.10/bin/../lib/gcc/arm-none-eabi/10.3.1/../../../../arm-none-eabi/lib/thumb/v6-m/nofp\libc.a(lib_a-sbrkr.o)
                0x10010528                _sbrk_r
 .text.raise    0x1001054c       0x60 c:/progra~2/gnuarm~1/102021~1.10/bin/../lib/gcc/arm-none-eabi/10.3.1/../../../../arm-none-eabi/lib/thumb/v6-m/nofp\libc.a(lib_a-signal.o)
                0x1001054c                raise
 .text._kill_r  0x100105ac       0x28 c:/progra~2/gnuarm~1/102021~1.10/bin/../lib/gcc/arm-none-eabi/10.3.1/../../../../arm-none-eabi/lib/thumb/v6-m/nofp\libc.a(lib_a-signalr.o)
                0x100105ac                _kill_r
 .text._getpid_r
                0x100105d4        0x8 c:/progra~2/gnuarm~1/102021~1.10/bin/../lib/gcc/arm-none-eabi/10.3.1/../../../../arm-none-eabi/lib/thumb/v6-m/nofp\libc.a(lib_a-signalr.o)
                0x100105d4                _getpid_r
 .text          0x100105dc       0x88 c:/progra~2/gnuarm~1/102021~1.10/bin/../lib/gcc/arm-none-eabi/10.3.1/../../../../arm-none-eabi/lib/thumb/v6-m/nofp\libc.a(lib_a-strcmp.o)
                0x100105dc                strcmp
 .text.strlen   0x10010664       0x5c c:/progra~2/gnuarm~1/102021~1.10/bin/../lib/gcc/arm-none-eabi/10.3.1/../../../../arm-none-eabi/lib/thumb/v6-m/nofp\libc.a(lib_a-strlen-stub.o)
                0x10010664                strlen
 .text.strncmp  0x100106c0       0x74 c:/progra~2/gnuarm~1/102021~1.10/bin/../lib/gcc/arm-none-eabi/10.3.1/../../../../arm-none-eabi/lib/thumb/v6-m/nofp\libc.a(lib_a-strncmp.o)
                0x100106c0                strncmp
 .text.__swbuf_r
                0x10010734       0xc8 c:/progra~2/gnuarm~1/102021~1.10/bin/../lib/gcc/arm-none-eabi/10.3.1/../../../../arm-none-eabi/lib/thumb/v6-m/nofp\libc.a(lib_a-wbuf.o)
                0x10010734                __swbuf_r
 .text._write_r
                0x100107fc       0x28 c:/progra~2/gnuarm~1/102021~1.10/bin/../lib/gcc/arm-none-eabi/10.3.1/../../../../arm-none-eabi/lib/thumb/v6-m/nofp\libc.a(lib_a-writer.o)
                0x100107fc                _write_r
 .text.__swsetup_r
                0x10010824       0xdc c:/progra~2/gnuarm~1/102021~1.10/bin/../lib/gcc/arm-none-eabi/10.3.1/../../../../arm-none-eabi/lib/thumb/v6-m/nofp\libc.a(lib_a-wsetup.o)
                0x10010824                __swsetup_r
 .text.__sflush_r
                0x10010900      0x140 c:/progra~2/gnuarm~1/102021~1.10/bin/../lib/gcc/arm-none-eabi/10.3.1/../../../../arm-none-eabi/lib/thumb/v6-m/nofp\libc.a(lib_a-fflush.o)
                0x10010900                __sflush_r
 .text._fflush_r
                0x10010a40       0x6c c:/progra~2/gnuarm~1/102021~1.10/bin/../lib/gcc/arm-none-eabi/10.3.1/../../../../arm-none-eabi/lib/thumb/v6-m/nofp\libc.a(lib_a-fflush.o)
                0x10010a40                _fflush_r
 .text._cleanup_r
                0x10010aac       0x10 c:/progra~2/gnuarm~1/102021~1.10/bin/../lib/gcc/arm-none-eabi/10.3.1/../../../../arm-none-eabi/lib/thumb/v6-m/nofp\libc.a(lib_a-findfp.o)
                0x10010aac                _cleanup_r
 .text.__sinit  0x10010abc      0x120 c:/progra~2/gnuarm~1/102021~1.10/bin/../lib/gcc/arm-none-eabi/10.3.1/../../../../arm-none-eabi/lib/thumb/v6-m/nofp\libc.a(lib_a-findfp.o)
                0x10010abc                __sinit
 .text.__sfp_lock_acquire
                0x10010bdc       0x10 c:/progra~2/gnuarm~1/102021~1.10/bin/../lib/gcc/arm-none-eabi/10.3.1/../../../../arm-none-eabi/lib/thumb/v6-m/nofp\libc.a(lib_a-findfp.o)
                0x10010bdc                __sfp_lock_acquire
 .text.__sfp_lock_release
                0x10010bec       0x10 c:/progra~2/gnuarm~1/102021~1.10/bin/../lib/gcc/arm-none-eabi/10.3.1/../../../../arm-none-eabi/lib/thumb/v6-m/nofp\libc.a(lib_a-findfp.o)
                0x10010bec                __sfp_lock_release
 .text._malloc_trim_r
                0x10010bfc       0x9c c:/progra~2/gnuarm~1/102021~1.10/bin/../lib/gcc/arm-none-eabi/10.3.1/../../../../arm-none-eabi/lib/thumb/v6-m/nofp\libc.a(lib_a-freer.o)
                0x10010bfc                _malloc_trim_r
 .text._free_r  0x10010c98      0x1c4 c:/progra~2/gnuarm~1/102021~1.10/bin/../lib/gcc/arm-none-eabi/10.3.1/../../../../arm-none-eabi/lib/thumb/v6-m/nofp\libc.a(lib_a-freer.o)
                0x10010c98                _free_r
 .text._fwalk_reent
                0x10010e5c       0x48 c:/progra~2/gnuarm~1/102021~1.10/bin/../lib/gcc/arm-none-eabi/10.3.1/../../../../arm-none-eabi/lib/thumb/v6-m/nofp\libc.a(lib_a-fwalk.o)
                0x10010e5c                _fwalk_reent
 .text.__smakebuf_r
                0x10010ea4       0xe4 c:/progra~2/gnuarm~1/102021~1.10/bin/../lib/gcc/arm-none-eabi/10.3.1/../../../../arm-none-eabi/lib/thumb/v6-m/nofp\libc.a(lib_a-makebuf.o)
                0x10010ea4                __smakebuf_r
 .text.__sread  0x10010f88       0x28 c:/progra~2/gnuarm~1/102021~1.10/bin/../lib/gcc/arm-none-eabi/10.3.1/../../../../arm-none-eabi/lib/thumb/v6-m/nofp\libc.a(lib_a-stdio.o)
                0x10010f88                __sread
 .text.__swrite
                0x10010fb0       0x40 c:/progra~2/gnuarm~1/102021~1.10/bin/../lib/gcc/arm-none-eabi/10.3.1/../../../../arm-none-eabi/lib/thumb/v6-m/nofp\libc.a(lib_a-stdio.o)
                0x10010fb0                __swrite
 .text.__sseek  0x10010ff0       0x2c c:/progra~2/gnuarm~1/102021~1.10/bin/../lib/gcc/arm-none-eabi/10.3.1/../../../../arm-none-eabi/lib/thumb/v6-m/nofp\libc.a(lib_a-stdio.o)
                0x10010ff0                __sseek
 .text.__sclose
                0x1001101c        0xc c:/progra~2/gnuarm~1/102021~1.10/bin/../lib/gcc/arm-none-eabi/10.3.1/../../../../arm-none-eabi/lib/thumb/v6-m/nofp\libc.a(lib_a-stdio.o)
                0x1001101c                __sclose
 .text._close_r
                0x10011028       0x24 c:/progra~2/gnuarm~1/102021~1.10/bin/../lib/gcc/arm-none-eabi/10.3.1/../../../../arm-none-eabi/lib/thumb/v6-m/nofp\libc.a(lib_a-closer.o)
                0x10011028                _close_r
 .text._fclose_r
                0x1001104c       0xdc c:/progra~2/gnuarm~1/102021~1.10/bin/../lib/gcc/arm-none-eabi/10.3.1/../../../../arm-none-eabi/lib/thumb/v6-m/nofp\libc.a(lib_a-fclose.o)
                0x1001104c                _fclose_r
 .text._fstat_r
                0x10011128       0x28 c:/progra~2/gnuarm~1/102021~1.10/bin/../lib/gcc/arm-none-eabi/10.3.1/../../../../arm-none-eabi/lib/thumb/v6-m/nofp\libc.a(lib_a-fstatr.o)
                0x10011128                _fstat_r
 .text._isatty_r
                0x10011150       0x24 c:/progra~2/gnuarm~1/102021~1.10/bin/../lib/gcc/arm-none-eabi/10.3.1/../../../../arm-none-eabi/lib/thumb/v6-m/nofp\libc.a(lib_a-isattyr.o)
                0x10011150                _isatty_r
 .text._lseek_r
                0x10011174       0x28 c:/progra~2/gnuarm~1/102021~1.10/bin/../lib/gcc/arm-none-eabi/10.3.1/../../../../arm-none-eabi/lib/thumb/v6-m/nofp\libc.a(lib_a-lseekr.o)
                0x10011174                _lseek_r
 .text._read_r  0x1001119c       0x28 c:/progra~2/gnuarm~1/102021~1.10/bin/../lib/gcc/arm-none-eabi/10.3.1/../../../../arm-none-eabi/lib/thumb/v6-m/nofp\libc.a(lib_a-readr.o)
                0x1001119c                _read_r
 .text._close   0x100111c4       0x10 c:/progra~2/gnuarm~1/102021~1.10/bin/../lib/gcc/arm-none-eabi/10.3.1/../../../../arm-none-eabi/lib/thumb/v6-m/nofp\libnosys.a(close.o)
                0x100111c4                _close
 .text._fstat   0x100111d4       0x10 c:/progra~2/gnuarm~1/102021~1.10/bin/../lib/gcc/arm-none-eabi/10.3.1/../../../../arm-none-eabi/lib/thumb/v6-m/nofp\libnosys.a(fstat.o)
                0x100111d4                _fstat
 .text._getpid  0x100111e4       0x10 c:/progra~2/gnuarm~1/102021~1.10/bin/../lib/gcc/arm-none-eabi/10.3.1/../../../../arm-none-eabi/lib/thumb/v6-m/nofp\libnosys.a(getpid.o)
                0x100111e4                _getpid
 .text._isatty  0x100111f4       0x10 c:/progra~2/gnuarm~1/102021~1.10/bin/../lib/gcc/arm-none-eabi/10.3.1/../../../../arm-none-eabi/lib/thumb/v6-m/nofp\libnosys.a(isatty.o)
                0x100111f4                _isatty
 .text._kill    0x10011204       0x10 c:/progra~2/gnuarm~1/102021~1.10/bin/../lib/gcc/arm-none-eabi/10.3.1/../../../../arm-none-eabi/lib/thumb/v6-m/nofp\libnosys.a(kill.o)
                0x10011204                _kill
 .text._lseek   0x10011214       0x10 c:/progra~2/gnuarm~1/102021~1.10/bin/../lib/gcc/arm-none-eabi/10.3.1/../../../../arm-none-eabi/lib/thumb/v6-m/nofp\libnosys.a(lseek.o)
                0x10011214                _lseek
 *(.fini)
 .fini          0x10011224        0x4 c:/progra~2/gnuarm~1/102021~1.10/bin/../lib/gcc/arm-none-eabi/10.3.1/thumb/v6-m/nofp/crti.o
                0x10011224                _fini
 .fini.__stub   0x10011228      0x160 linker stubs
 *crtbegin.o(.ctors)
 *crtbegin?.o(.ctors)
 *(EXCLUDE_FILE(*crtend.o *crtend?.o) .ctors)
 *(SORT_BY_NAME(.ctors.*))
 *(.ctors)
 *crtbegin.o(.dtors)
 *crtbegin?.o(.dtors)
 *(EXCLUDE_FILE(*crtend.o *crtend?.o) .dtors)
 *(SORT_BY_NAME(.dtors.*))
 *(.dtors)
 *(.eh_frame*)
 .eh_frame      0x10011388        0x0 c:/progra~2/gnuarm~1/102021~1.10/bin/../lib/gcc/arm-none-eabi/10.3.1/thumb/v6-m/nofp/crtbegin.o
                0x10011388                . = ALIGN (0x4)

.glue_7         0x10011388        0x0
 .glue_7        0x10011388        0x0 linker stubs

.glue_7t        0x10011388        0x0
 .glue_7t       0x10011388        0x0 linker stubs

.vfp11_veneer   0x10011388        0x0
 .vfp11_veneer  0x10011388        0x0 linker stubs

.v4_bx          0x10011388        0x0
 .v4_bx         0x10011388        0x0 linker stubs

.iplt           0x10011388        0x0
 .iplt          0x10011388        0x0 c:/progra~2/gnuarm~1/102021~1.10/bin/../lib/gcc/arm-none-eabi/10.3.1/thumb/v6-m/nofp/crtbegin.o

.rodata         0x10011388     0x39b8
 *(EXCLUDE_FILE(*libm.a: *libc.a:*lib_a-mem*.o *libgcc.a:) .rodata*)
 .rodata.main.str1.4
                0x10011388       0x1f CMakeFiles/KT-5.dir/KT-5.cpp.obj
 *fill*         0x100113a7        0x1 
 .rodata._ZZL19_getServoPosnForKtsfE6pfPosn
                0x100113a8       0x24 CMakeFiles/KT-5.dir/KT-5.cpp.obj
 .rodata._ZL10font_16x32
                0x100113cc     0x17c2 CMakeFiles/KT-5.dir/OLED.cpp.obj
 *fill*         0x10012b8e        0x2 
 .rodata.spin_lock_claim_unused.str1.4
                0x10012b90       0x1b CMakeFiles/KT-5.dir/C_/Projects/Pico/pico-sdk/src/rp2_common/hardware_sync/sync.c.obj
 *fill*         0x10012bab        0x5 
 .rodata.at_the_end_of_time
                0x10012bb0        0x8 CMakeFiles/KT-5.dir/C_/Projects/Pico/pico-sdk/src/common/pico_time/time.c.obj
                0x10012bb0                at_the_end_of_time
 .rodata.hardware_alarm_claim.str1.4
                0x10012bb8       0x22 CMakeFiles/KT-5.dir/C_/Projects/Pico/pico-sdk/src/rp2_common/hardware_timer/timer.c.obj
 *fill*         0x10012bda        0x2 
 .rodata.panic.str1.4
                0x10012bdc       0x10 CMakeFiles/KT-5.dir/C_/Projects/Pico/pico-sdk/src/rp2_common/pico_runtime/runtime.c.obj
                                 0x12 (size before relaxing)
 .rodata.hard_assertion_failure.str1.4
                0x10012bec        0xc CMakeFiles/KT-5.dir/C_/Projects/Pico/pico-sdk/src/rp2_common/pico_runtime/runtime.c.obj
 .rodata._ftoa.str1.4
                0x10012bf8       0x15 CMakeFiles/KT-5.dir/C_/Projects/Pico/pico-sdk/src/rp2_common/pico_printf/printf.c.obj
 *fill*         0x10012c0d        0x3 
 .rodata._vsnprintf
                0x10012c10      0x1e0 CMakeFiles/KT-5.dir/C_/Projects/Pico/pico-sdk/src/rp2_common/pico_printf/printf.c.obj
 .rodata.pow10.0
                0x10012df0       0x50 CMakeFiles/KT-5.dir/C_/Projects/Pico/pico-sdk/src/rp2_common/pico_printf/printf.c.obj
 .rodata.__wrap_malloc.str1.4
                0x10012e40        0xe CMakeFiles/KT-5.dir/C_/Projects/Pico/pico-sdk/src/rp2_common/pico_malloc/pico_malloc.c.obj
 *fill*         0x10012e4e        0x2 
 .rodata.str1.4
                0x10012e50       0x40 CMakeFiles/KT-5.dir/C_/Projects/Pico/pico-sdk/src/rp2_common/pico_standard_link/binary_info.c.obj
 .rodata.__bi_44
                0x10012e90        0xc CMakeFiles/KT-5.dir/C_/Projects/Pico/pico-sdk/src/rp2_common/pico_standard_link/binary_info.c.obj
 .rodata.__bi_56
                0x10012e9c        0xc CMakeFiles/KT-5.dir/C_/Projects/Pico/pico-sdk/src/rp2_common/pico_standard_link/binary_info.c.obj
 .rodata.__bi_75
                0x10012ea8        0xc CMakeFiles/KT-5.dir/C_/Projects/Pico/pico-sdk/src/rp2_common/pico_standard_link/binary_info.c.obj
 .rodata.__bi_81
                0x10012eb4        0xc CMakeFiles/KT-5.dir/C_/Projects/Pico/pico-sdk/src/rp2_common/pico_standard_link/binary_info.c.obj
 .rodata.crlf_str.0
                0x10012ec0        0x2 CMakeFiles/KT-5.dir/C_/Projects/Pico/pico-sdk/src/rp2_common/pico_stdio/stdio.c.obj
 *fill*         0x10012ec2        0x2 
 .rodata._resetd_driver
                0x10012ec4       0x18 CMakeFiles/KT-5.dir/C_/Projects/Pico/pico-sdk/src/rp2_common/pico_stdio_usb/reset_interface.c.obj
 .rodata.str1.4
                0x10012edc       0x13 CMakeFiles/KT-5.dir/C_/Projects/Pico/pico-sdk/src/rp2_common/pico_stdio_usb/stdio_usb.c.obj
 *fill*         0x10012eef        0x1 
 .rodata.__bi_93.0
                0x10012ef0        0xc CMakeFiles/KT-5.dir/C_/Projects/Pico/pico-sdk/src/rp2_common/pico_stdio_usb/stdio_usb.c.obj
 .rodata.str1.4
                0x10012efc       0x2a CMakeFiles/KT-5.dir/C_/Projects/Pico/pico-sdk/src/rp2_common/pico_stdio_usb/stdio_usb_descriptors.c.obj
 *fill*         0x10012f26        0x2 
 .rodata.usbd_desc_cfg
                0x10012f28       0x54 CMakeFiles/KT-5.dir/C_/Projects/Pico/pico-sdk/src/rp2_common/pico_stdio_usb/stdio_usb_descriptors.c.obj
 .rodata.usbd_desc_device
                0x10012f7c       0x12 CMakeFiles/KT-5.dir/C_/Projects/Pico/pico-sdk/src/rp2_common/pico_stdio_usb/stdio_usb_descriptors.c.obj
 *fill*         0x10012f8e        0x2 
 .rodata.usbd_desc_str
                0x10012f90       0x18 CMakeFiles/KT-5.dir/C_/Projects/Pico/pico-sdk/src/rp2_common/pico_stdio_usb/stdio_usb_descriptors.c.obj
 .rodata.dcd_rp2040_irq.str1.4
                0x10012fa8       0x14 CMakeFiles/KT-5.dir/C_/Projects/Pico/pico-sdk/lib/tinyusb/src/portable/raspberrypi/rp2040/dcd_rp2040.c.obj
 .rodata._hw_endpoint_buffer_control_update32.part.0.isra.0.str1.4
                0x10012fbc       0x1f CMakeFiles/KT-5.dir/C_/Projects/Pico/pico-sdk/lib/tinyusb/src/portable/raspberrypi/rp2040/rp2040_usb.c.obj
 *fill*         0x10012fdb        0x1 
 .rodata.hw_endpoint_xfer_continue.str1.4
                0x10012fdc       0x29 CMakeFiles/KT-5.dir/C_/Projects/Pico/pico-sdk/lib/tinyusb/src/portable/raspberrypi/rp2040/rp2040_usb.c.obj
 *fill*         0x10013005        0x3 
 .rodata.str1.4
                0x10013008        0x7 CMakeFiles/KT-5.dir/C_/Projects/Pico/pico-sdk/lib/tinyusb/src/portable/raspberrypi/rp2040/rp2040_usb.c.obj
 *fill*         0x1001300f        0x1 
 .rodata.tud_task
                0x10013010       0x8c CMakeFiles/KT-5.dir/C_/Projects/Pico/pico-sdk/lib/tinyusb/src/device/usbd.c.obj
 .rodata._usbd_driver
                0x1001309c       0x18 CMakeFiles/KT-5.dir/C_/Projects/Pico/pico-sdk/lib/tinyusb/src/device/usbd.c.obj
 .rodata        0x100130b4       0x19 pico-ssd1306\libpico_ssd1306.a(ssd1306.cpp.obj)
 *fill*         0x100130cd        0x3 
 .rodata._ZTIN10__cxxabiv117__class_type_infoE
                0x100130d0        0xc c:/progra~2/gnuarm~1/102021~1.10/bin/../lib/gcc/arm-none-eabi/10.3.1/../../../../arm-none-eabi/lib/thumb/v6-m/nofp\libstdc++.a(class_type_info.o)
                0x100130d0                typeinfo for __cxxabiv1::__class_type_info
 .rodata._ZTSN10__cxxabiv117__class_type_infoE
                0x100130dc       0x22 c:/progra~2/gnuarm~1/102021~1.10/bin/../lib/gcc/arm-none-eabi/10.3.1/../../../../arm-none-eabi/lib/thumb/v6-m/nofp\libstdc++.a(class_type_info.o)
                0x100130dc                typeinfo name for __cxxabiv1::__class_type_info
 *fill*         0x100130fe        0x2 
 .rodata._ZTVN10__cxxabiv117__class_type_infoE
                0x10013100       0x2c c:/progra~2/gnuarm~1/102021~1.10/bin/../lib/gcc/arm-none-eabi/10.3.1/../../../../arm-none-eabi/lib/thumb/v6-m/nofp\libstdc++.a(class_type_info.o)
                0x10013100                vtable for __cxxabiv1::__class_type_info
 .rodata._ZNKSt13bad_exception4whatEv.str1.4
                0x1001312c       0x13 c:/progra~2/gnuarm~1/102021~1.10/bin/../lib/gcc/arm-none-eabi/10.3.1/../../../../arm-none-eabi/lib/thumb/v6-m/nofp\libstdc++.a(eh_exception.o)
 *fill*         0x1001313f        0x1 
 .rodata._ZTIN10__cxxabiv115__forced_unwindE
                0x10013140        0x8 c:/progra~2/gnuarm~1/102021~1.10/bin/../lib/gcc/arm-none-eabi/10.3.1/../../../../arm-none-eabi/lib/thumb/v6-m/nofp\libstdc++.a(eh_exception.o)
                0x10013140                typeinfo for __cxxabiv1::__forced_unwind
 .rodata._ZTIN10__cxxabiv119__foreign_exceptionE
                0x10013148        0x8 c:/progra~2/gnuarm~1/102021~1.10/bin/../lib/gcc/arm-none-eabi/10.3.1/../../../../arm-none-eabi/lib/thumb/v6-m/nofp\libstdc++.a(eh_exception.o)
                0x10013148                typeinfo for __cxxabiv1::__foreign_exception
 .rodata._ZTISt13bad_exception